\BOOKMARK [1][-]{section.1}{\376\377\000L\000i\000t\000e\000r\000a\000t\000u\000r\000e\000\040\000R\000e\000v\000i\000e\000w}{}% 1
\BOOKMARK [2][-]{subsection.1.1}{\376\377\000S\000t\000a\000t\000e\000-\000S\000p\000a\000c\000e\000\040\000M\000o\000d\000e\000l\000i\000n\000g\000\040\000i\000n\000\040\000F\000i\000n\000a\000n\000c\000i\000a\000l\000\040\000M\000a\000r\000k\000e\000t\000s\000:\000\040\000T\000h\000e\000\040\000B\000i\000g\000\040\000P\000i\000c\000t\000u\000r\000e}{section.1}% 2
\BOOKMARK [3][-]{subsubsection.1.1.1}{\376\377\000T\000h\000e\000\040\000g\000i\000s\000t\000\040\000o\000f\000\040\000p\000e\000r\000f\000o\000r\000m\000i\000n\000g\000\040\000f\000i\000l\000t\000e\000r\000i\000n\000g}{subsection.1.1}% 3
\BOOKMARK [3][-]{subsubsection.1.1.2}{\376\377\000P\000a\000r\000a\000m\000e\000t\000e\000r\000\040\000e\000s\000t\000i\000m\000a\000t\000i\000o\000n}{subsection.1.1}% 4
\BOOKMARK [2][-]{subsection.1.2}{\376\377\000T\000h\000e\000\040\000K\000a\000l\000m\000a\000n\000\040\000F\000a\000m\000i\000l\000y\000\040\000a\000n\000d\000\040\000S\000e\000m\000i\000-\000E\000x\000a\000c\000t\000\040\000M\000e\000t\000h\000o\000d\000s}{section.1}% 5
\BOOKMARK [2][-]{subsection.1.3}{\376\377\000P\000a\000r\000t\000i\000c\000l\000e\000-\000B\000a\000s\000e\000d\000\040\000M\000e\000t\000h\000o\000d\000s}{section.1}% 6
\BOOKMARK [3][-]{subsubsection.1.3.1}{\376\377\000F\000l\000o\000w\000\040\000a\000n\000d\000\040\000K\000e\000r\000n\000e\000l\000\040\000F\000l\000o\000w}{subsection.1.3}% 7
\BOOKMARK [3][-]{subsubsection.1.3.2}{\376\377\000O\000p\000t\000i\000m\000a\000l\000\040\000T\000r\000a\000n\000s\000p\000o\000r\000t\000\040\000R\000e\000s\000a\000m\000p\000l\000i\000n\000g}{subsection.1.3}% 8
\BOOKMARK [1][-]{section.2}{\376\377\000P\000r\000o\000b\000l\000e\000m\000s\000\040\000a\000n\000d\000\040\000e\000x\000p\000e\000r\000i\000m\000e\000n\000t\000s}{}% 9
\BOOKMARK [2][-]{subsection.2.1}{\376\377\000S\000t\000a\000t\000e\000\040\000S\000p\000a\000c\000e\000\040\000m\000o\000d\000e\000l\000s}{section.2}% 10
\BOOKMARK [2][-]{subsection.2.2}{\376\377\000P\000a\000r\000t\000\040\000I}{section.2}% 11
\BOOKMARK [3][-]{subsubsection.2.2.1}{\376\377\000K\000a\000l\000m\000a\000n\000-\000J\000o\000s\000e\000p\000h\000\040\000u\000p\000d\000a\000t\000e\000-\000c\000o\000n\000d\000i\000t\000i\000o\000n\000\040\000n\000u\000m\000b\000e\000r}{subsection.2.2}% 12
\BOOKMARK [3][-]{subsubsection.2.2.2}{\376\377\000K\000F\000,\000\040\000E\000K\000F\000,\000\040\000U\000K\000F\000\040\000B\000r\000o\000k\000e\000n\000\040\000b\000y\000\040\000S\000t\000r\000o\000n\000g\000l\000y\000\040\000N\000o\000n\000l\000i\000n\000e\000a\000r\000\040\000M\000o\000d\000e\000l}{subsection.2.2}% 13
\BOOKMARK [3][-]{subsubsection.2.2.3}{\376\377\000P\000a\000r\000t\000i\000c\000l\000e\000\040\000F\000i\000l\000t\000e\000r\000\040\000a\000n\000d\000\040\000P\000a\000r\000t\000i\000c\000l\000e\000\040\000D\000e\000g\000e\000n\000e\000r\000a\000c\000y}{subsection.2.2}% 14
\BOOKMARK [3][-]{subsubsection.2.2.4}{\376\377\000E\000D\000H\000\040\000\050\000L\000E\000D\000H\000\051\000\040\000F\000l\000o\000w\000\040\000a\000n\000d\000\040\000F\000i\000l\000t\000e\000r}{subsection.2.2}% 15
\BOOKMARK [3][-]{subsubsection.2.2.5}{\376\377\000M\000a\000t\000r\000i\000x\000\040\000K\000e\000r\000n\000e\000l\000\040\000P\000r\000e\000v\000e\000n\000t\000i\000n\000g\000\040\000C\000o\000l\000l\000a\000p\000s\000e}{subsection.2.2}% 16
\BOOKMARK [2][-]{subsection.2.3}{\376\377\000P\000a\000r\000t\000\040\000I\000I}{section.2}% 17
\BOOKMARK [3][-]{subsubsection.2.3.1}{\376\377\000S\000t\000o\000c\000h\000a\000s\000t\000i\000c\000\040\000F\000l\000o\000w}{subsection.2.3}% 18
\BOOKMARK [3][-]{subsubsection.2.3.2}{\376\377\000S\000o\000f\000t\000\040\000R\000e\000s\000a\000m\000p\000l\000i\000n\000g\000\040\000a\000n\000d\000\040\000O\000T\000\040\000R\000e\000s\000a\000m\000p\000l\000i\000n\000g}{subsection.2.3}% 19
\BOOKMARK [1][-]{section.3}{\376\377\000A\000\040\000F\000e\000w\000\040\000W\000o\000r\000d\000s\000\040\000o\000f\000\040\000R\000e\000f\000l\000e\000c\000t\000i\000o\000n}{}% 20
\BOOKMARK [1][-]{appendix.A}{\376\377\000K\000a\000l\000m\000a\000n\000\040\000F\000a\000m\000i\000l\000y}{}% 21
\BOOKMARK [1][-]{appendix.B}{\376\377\000P\000a\000r\000t\000i\000c\000l\000e\000\040\000f\000l\000o\000w\000\040\000a\000n\000d\000\040\000p\000a\000r\000t\000i\000c\000l\000e\000\040\000f\000i\000l\000t\000e\000r}{}% 22
\BOOKMARK [2][-]{subsection.B.1}{\376\377\000P\000a\000r\000t\000i\000c\000l\000e\000\040\000f\000l\000o\000w}{appendix.B}% 23
\BOOKMARK [2][-]{subsection.B.2}{\376\377\000P\000a\000r\000t\000i\000c\000l\000e\000\040\000F\000l\000o\000w\000\040\000F\000i\000l\000t\000e\000r\000\040\000\050\000K\000e\000r\000n\000e\000l\000\040\000M\000e\000t\000h\000o\000d\000\051}{appendix.B}% 24
\BOOKMARK [3][-]{subsubsection.B.2.1}{\376\377\000O\000p\000t\000i\000m\000a\000l\000\040\000T\000r\000a\000n\000s\000p\000o\000r\000t\000\040\000v\000i\000a\000\040\000G\000r\000a\000d\000i\000e\000n\000t\000\040\000F\000l\000o\000w}{subsection.B.2}% 25
\BOOKMARK [3][-]{subsubsection.B.2.2}{\376\377\000D\000e\000r\000i\000v\000i\000n\000g\000\040\000O\000p\000t\000i\000m\000a\000l\000\040\000V\000e\000l\000o\000c\000i\000t\000y\000\040\000v\000i\000a\000\040\000K\000e\000r\000n\000e\000l\000\040\000R\000e\000s\000t\000r\000i\000c\000t\000i\000o\000n}{subsection.B.2}% 26
\BOOKMARK [3][-]{subsubsection.B.2.3}{\376\377\000S\000c\000a\000l\000a\000r\000\040\000K\000e\000r\000n\000e\000l}{subsection.B.2}% 27
\BOOKMARK [3][-]{subsubsection.B.2.4}{\376\377\000M\000a\000t\000r\000i\000x\000-\000V\000a\000l\000u\000e\000d\000\040\000K\000e\000r\000n\000e\000l}{subsection.B.2}% 28
