This is pdfTeX, Version 3.141592653-2.6-1.40.27 (TeX Live 2025) (preloaded format=pdflatex 2025.3.8)  15 APR 2026 21:48
entering extended mode
 restricted \write18 enabled.
 %&-line parsing enabled.
**main_reorganized.tex
(./main_reorganized.tex
LaTeX2e <2024-11-01> patch level 2
L3 programming layer <2025-01-18>
(/usr/local/texlive/2025/texmf-dist/tex/latex/base/article.cls
Document Class: article 2024/06/29 v1.4n Standard LaTeX document class
(/usr/local/texlive/2025/texmf-dist/tex/latex/base/size10.clo
File: size10.clo 2024/06/29 v1.4n Standard LaTeX file (size option)
)
\c@part=\count196
\c@section=\count197
\c@subsection=\count198
\c@subsubsection=\count199
\c@paragraph=\count266
\c@subparagraph=\count267
\c@figure=\count268
\c@table=\count269
\abovecaptionskip=\skip49
\belowcaptionskip=\skip50
\bibindent=\dimen141
)
(/usr/local/texlive/2025/texmf-dist/tex/latex/base/inputenc.sty
Package: inputenc 2024/02/08 v1.3d Input encoding file
\inpenc@prehook=\toks17
\inpenc@posthook=\toks18
)
(/usr/local/texlive/2025/texmf-dist/tex/latex/cjk/texinput/CJKutf8.sty
Package: CJKutf8 2021/10/16 4.8.5

(/usr/local/texlive/2025/texmf-dist/tex/generic/iftex/ifpdf.sty
Package: ifpdf 2019/10/25 v3.4 ifpdf legacy package. Use iftex instead.

(/usr/local/texlive/2025/texmf-dist/tex/generic/iftex/iftex.sty
Package: iftex 2024/12/12 v1.0g TeX engine tests
))
(/usr/local/texlive/2025/texmf-dist/tex/latex/cjk/texinput/CJK.sty
Package: CJK 2021/10/16 4.8.5

(/usr/local/texlive/2025/texmf-dist/tex/latex/cjk/texinput/mule/MULEenc.sty
Package: MULEenc 2021/10/16 4.8.5
)
(/usr/local/texlive/2025/texmf-dist/tex/latex/cjk/texinput/CJK.enc
File: CJK.enc 2021/10/16 4.8.5
Now handling font encoding C00 ...
... no UTF-8 mapping file for font encoding C00
Now handling font encoding C05 ...
... no UTF-8 mapping file for font encoding C05
Now handling font encoding C09 ...
... no UTF-8 mapping file for font encoding C09
Now handling font encoding C10 ...
... no UTF-8 mapping file for font encoding C10
Now handling font encoding C20 ...
... no UTF-8 mapping file for font encoding C20
Now handling font encoding C19 ...
... no UTF-8 mapping file for font encoding C19
Now handling font encoding C40 ...
... no UTF-8 mapping file for font encoding C40
Now handling font encoding C42 ...
... no UTF-8 mapping file for font encoding C42
Now handling font encoding C43 ...
... no UTF-8 mapping file for font encoding C43
Now handling font encoding C50 ...
... no UTF-8 mapping file for font encoding C50
Now handling font encoding C52 ...
... no UTF-8 mapping file for font encoding C52
Now handling font encoding C49 ...
... no UTF-8 mapping file for font encoding C49
Now handling font encoding C60 ...
... no UTF-8 mapping file for font encoding C60
Now handling font encoding C61 ...
... no UTF-8 mapping file for font encoding C61
Now handling font encoding C63 ...
... no UTF-8 mapping file for font encoding C63
Now handling font encoding C64 ...
... no UTF-8 mapping file for font encoding C64
Now handling font encoding C65 ...
... no UTF-8 mapping file for font encoding C65
Now handling font encoding C70 ...
... no UTF-8 mapping file for font encoding C70
Now handling font encoding C31 ...
... no UTF-8 mapping file for font encoding C31
Now handling font encoding C32 ...
... no UTF-8 mapping file for font encoding C32
Now handling font encoding C33 ...
... no UTF-8 mapping file for font encoding C33
Now handling font encoding C34 ...
... no UTF-8 mapping file for font encoding C34
Now handling font encoding C35 ...
... no UTF-8 mapping file for font encoding C35
Now handling font encoding C36 ...
... no UTF-8 mapping file for font encoding C36
Now handling font encoding C37 ...
... no UTF-8 mapping file for font encoding C37
Now handling font encoding C80 ...
... no UTF-8 mapping file for font encoding C80
Now handling font encoding C81 ...
... no UTF-8 mapping file for font encoding C81
Now handling font encoding C01 ...
... no UTF-8 mapping file for font encoding C01
Now handling font encoding C11 ...
... no UTF-8 mapping file for font encoding C11
Now handling font encoding C21 ...
... no UTF-8 mapping file for font encoding C21
Now handling font encoding C41 ...
... no UTF-8 mapping file for font encoding C41
Now handling font encoding C62 ...
... no UTF-8 mapping file for font encoding C62
)
\CJK@indent=\box52
)
(/usr/local/texlive/2025/texmf-dist/tex/latex/base/fontenc.sty
Package: fontenc 2021/04/29 v2.0v Standard LaTeX package
))
(/usr/local/texlive/2025/texmf-dist/tex/latex/enumitem/enumitem.sty
Package: enumitem 2025/02/06 v3.11 Customized lists
\enitkv@toks@=\toks19
\labelindent=\skip51
\enit@outerparindent=\dimen142
\enit@toks=\toks20
\enit@inbox=\box53
\enit@count@id=\count270
\enitdp@description=\count271
)
(/usr/local/texlive/2025/texmf-dist/tex/latex/hyperref/hyperref.sty
Package: hyperref 2024-11-05 v7.01l Hypertext links for LaTeX

(/usr/local/texlive/2025/texmf-dist/tex/latex/graphics/keyval.sty
Package: keyval 2022/05/29 v1.15 key=value parser (DPC)
\KV@toks@=\toks21
)
(/usr/local/texlive/2025/texmf-dist/tex/latex/kvsetkeys/kvsetkeys.sty
Package: kvsetkeys 2022-10-05 v1.19 Key value parser (HO)
)
(/usr/local/texlive/2025/texmf-dist/tex/generic/kvdefinekeys/kvdefinekeys.sty
Package: kvdefinekeys 2019-12-19 v1.6 Define keys (HO)
)
(/usr/local/texlive/2025/texmf-dist/tex/generic/pdfescape/pdfescape.sty
Package: pdfescape 2019/12/09 v1.15 Implements pdfTeX's escape features (HO)

(/usr/local/texlive/2025/texmf-dist/tex/generic/ltxcmds/ltxcmds.sty
Package: ltxcmds 2023-12-04 v1.26 LaTeX kernel commands for general use (HO)
)
(/usr/local/texlive/2025/texmf-dist/tex/generic/pdftexcmds/pdftexcmds.sty
Package: pdftexcmds 2020-06-27 v0.33 Utility functions of pdfTeX for LuaTeX (HO
)

(/usr/local/texlive/2025/texmf-dist/tex/generic/infwarerr/infwarerr.sty
Package: infwarerr 2019/12/03 v1.5 Providing info/warning/error messages (HO)
)
Package pdftexcmds Info: \pdf@primitive is available.
Package pdftexcmds Info: \pdf@ifprimitive is available.
Package pdftexcmds Info: \pdfdraftmode found.
))
(/usr/local/texlive/2025/texmf-dist/tex/latex/hycolor/hycolor.sty
Package: hycolor 2020-01-27 v1.10 Color options for hyperref/bookmark (HO)
)
(/usr/local/texlive/2025/texmf-dist/tex/latex/hyperref/nameref.sty
Package: nameref 2023-11-26 v2.56 Cross-referencing by name of section

(/usr/local/texlive/2025/texmf-dist/tex/latex/refcount/refcount.sty
Package: refcount 2019/12/15 v3.6 Data extraction from label references (HO)
)
(/usr/local/texlive/2025/texmf-dist/tex/generic/gettitlestring/gettitlestring.s
ty
Package: gettitlestring 2019/12/15 v1.6 Cleanup title references (HO)
 (/usr/local/texlive/2025/texmf-dist/tex/latex/kvoptions/kvoptions.sty
Package: kvoptions 2022-06-15 v3.15 Key value format for package options (HO)
))
\c@section@level=\count272
)
(/usr/local/texlive/2025/texmf-dist/tex/latex/etoolbox/etoolbox.sty
Package: etoolbox 2025/02/11 v2.5l e-TeX tools for LaTeX (JAW)
\etb@tempcnta=\count273
)
(/usr/local/texlive/2025/texmf-dist/tex/generic/stringenc/stringenc.sty
Package: stringenc 2019/11/29 v1.12 Convert strings between diff. encodings (HO
)
)
\@linkdim=\dimen143
\Hy@linkcounter=\count274
\Hy@pagecounter=\count275

(/usr/local/texlive/2025/texmf-dist/tex/latex/hyperref/pd1enc.def
File: pd1enc.def 2024-11-05 v7.01l Hyperref: PDFDocEncoding definition (HO)
Now handling font encoding PD1 ...
... no UTF-8 mapping file for font encoding PD1
)
(/usr/local/texlive/2025/texmf-dist/tex/generic/intcalc/intcalc.sty
Package: intcalc 2019/12/15 v1.3 Expandable calculations with integers (HO)
)
\Hy@SavedSpaceFactor=\count276

(/usr/local/texlive/2025/texmf-dist/tex/latex/hyperref/puenc.def
File: puenc.def 2024-11-05 v7.01l Hyperref: PDF Unicode definition (HO)
Now handling font encoding PU ...
... no UTF-8 mapping file for font encoding PU
)
Package hyperref Info: Hyper figures OFF on input line 4157.
Package hyperref Info: Link nesting OFF on input line 4162.
Package hyperref Info: Hyper index ON on input line 4165.
Package hyperref Info: Plain pages OFF on input line 4172.
Package hyperref Info: Backreferencing OFF on input line 4177.
Package hyperref Info: Implicit mode ON; LaTeX internals redefined.
Package hyperref Info: Bookmarks ON on input line 4424.
\c@Hy@tempcnt=\count277

(/usr/local/texlive/2025/texmf-dist/tex/latex/url/url.sty
\Urlmuskip=\muskip17
Package: url 2013/09/16  ver 3.4  Verb mode for urls, etc.
)
LaTeX Info: Redefining \url on input line 4763.
\XeTeXLinkMargin=\dimen144

(/usr/local/texlive/2025/texmf-dist/tex/generic/bitset/bitset.sty
Package: bitset 2019/12/09 v1.3 Handle bit-vector datatype (HO)

(/usr/local/texlive/2025/texmf-dist/tex/generic/bigintcalc/bigintcalc.sty
Package: bigintcalc 2019/12/15 v1.5 Expandable calculations on big integers (HO
)
))
\Fld@menulength=\count278
\Field@Width=\dimen145
\Fld@charsize=\dimen146
Package hyperref Info: Hyper figures OFF on input line 6042.
Package hyperref Info: Link nesting OFF on input line 6047.
Package hyperref Info: Hyper index ON on input line 6050.
Package hyperref Info: backreferencing OFF on input line 6057.
Package hyperref Info: Link coloring OFF on input line 6062.
Package hyperref Info: Link coloring with OCG OFF on input line 6067.
Package hyperref Info: PDF/A mode OFF on input line 6072.

(/usr/local/texlive/2025/texmf-dist/tex/latex/base/atbegshi-ltx.sty
Package: atbegshi-ltx 2021/01/10 v1.0c Emulation of the original atbegshi
package with kernel methods
)
\Hy@abspage=\count279
\c@Item=\count280
\c@Hfootnote=\count281
)
Package hyperref Info: Driver (autodetected): hpdftex.

(/usr/local/texlive/2025/texmf-dist/tex/latex/hyperref/hpdftex.def
File: hpdftex.def 2024-11-05 v7.01l Hyperref driver for pdfTeX

(/usr/local/texlive/2025/texmf-dist/tex/latex/base/atveryend-ltx.sty
Package: atveryend-ltx 2020/08/19 v1.0a Emulation of the original atveryend pac
kage
with kernel methods
)
\Fld@listcount=\count282
\c@bookmark@seq@number=\count283

(/usr/local/texlive/2025/texmf-dist/tex/latex/rerunfilecheck/rerunfilecheck.sty
Package: rerunfilecheck 2022-07-10 v1.10 Rerun checks for auxiliary files (HO)

(/usr/local/texlive/2025/texmf-dist/tex/generic/uniquecounter/uniquecounter.sty
Package: uniquecounter 2019/12/15 v1.4 Provide unlimited unique counter (HO)
)
Package uniquecounter Info: New unique counter `rerunfilecheck' on input line 2
85.
)
\Hy@SectionHShift=\skip52
) (/usr/local/texlive/2025/texmf-dist/tex/latex/geometry/geometry.sty
Package: geometry 2020/01/02 v5.9 Page Geometry

(/usr/local/texlive/2025/texmf-dist/tex/generic/iftex/ifvtex.sty
Package: ifvtex 2019/10/25 v1.7 ifvtex legacy package. Use iftex instead.
)
\Gm@cnth=\count284
\Gm@cntv=\count285
\c@Gm@tempcnt=\count286
\Gm@bindingoffset=\dimen147
\Gm@wd@mp=\dimen148
\Gm@odd@mp=\dimen149
\Gm@even@mp=\dimen150
\Gm@layoutwidth=\dimen151
\Gm@layoutheight=\dimen152
\Gm@layouthoffset=\dimen153
\Gm@layoutvoffset=\dimen154
\Gm@dimlist=\toks22
)
(/usr/local/texlive/2025/texmf-dist/tex/latex/tools/longtable.sty
Package: longtable 2024-10-27 v4.22 Multi-page Table package (DPC)
\LTleft=\skip53
\LTright=\skip54
\LTpre=\skip55
\LTpost=\skip56
\LTchunksize=\count287
\LTcapwidth=\dimen155
\LT@head=\box54
\LT@firsthead=\box55
\LT@foot=\box56
\LT@lastfoot=\box57
\LT@gbox=\box58
\LT@cols=\count288
\LT@rows=\count289
\c@LT@tables=\count290
\c@LT@chunks=\count291
\LT@p@ftn=\toks23
)
(/usr/local/texlive/2025/texmf-dist/tex/latex/algorithms/algorithm.sty
Package: algorithm 2009/08/24 v0.1 Document Style `algorithm' - floating enviro
nment

(/usr/local/texlive/2025/texmf-dist/tex/latex/float/float.sty
Package: float 2001/11/08 v1.3d Float enhancements (AL)
\c@float@type=\count292
\float@exts=\toks24
\float@box=\box59
\@float@everytoks=\toks25
\@floatcapt=\box60
)
(/usr/local/texlive/2025/texmf-dist/tex/latex/base/ifthen.sty
Package: ifthen 2024/03/16 v1.1e Standard LaTeX ifthen package (DPC)
)
\@float@every@algorithm=\toks26
\c@algorithm=\count293
)
(/usr/local/texlive/2025/texmf-dist/tex/latex/algorithms/algorithmic.sty
Package: algorithmic 2009/08/24 v0.1 Document Style `algorithmic'
\c@ALC@unique=\count294
\c@ALC@line=\count295
\c@ALC@rem=\count296
\c@ALC@depth=\count297
\ALC@tlm=\skip57
\algorithmicindent=\skip58
)
(/usr/local/texlive/2025/texmf-dist/tex/latex/booktabs/booktabs.sty
Package: booktabs 2020/01/12 v1.61803398 Publication quality tables
\heavyrulewidth=\dimen156
\lightrulewidth=\dimen157
\cmidrulewidth=\dimen158
\belowrulesep=\dimen159
\belowbottomsep=\dimen160
\aboverulesep=\dimen161
\abovetopsep=\dimen162
\cmidrulesep=\dimen163
\cmidrulekern=\dimen164
\defaultaddspace=\dimen165
\@cmidla=\count298
\@cmidlb=\count299
\@aboverulesep=\dimen166
\@belowrulesep=\dimen167
\@thisruleclass=\count300
\@lastruleclass=\count301
\@thisrulewidth=\dimen168
)
(/usr/local/texlive/2025/texmf-dist/tex/latex/xcolor/xcolor.sty
Package: xcolor 2024/09/29 v3.02 LaTeX color extensions (UK)

(/usr/local/texlive/2025/texmf-dist/tex/latex/graphics-cfg/color.cfg
File: color.cfg 2016/01/02 v1.6 sample color configuration
)
Package xcolor Info: Driver file: pdftex.def on input line 274.

(/usr/local/texlive/2025/texmf-dist/tex/latex/graphics-def/pdftex.def
File: pdftex.def 2024/04/13 v1.2c Graphics/color driver for pdftex
)
(/usr/local/texlive/2025/texmf-dist/tex/latex/graphics/mathcolor.ltx)
Package xcolor Info: Model `cmy' substituted by `cmy0' on input line 1349.
Package xcolor Info: Model `hsb' substituted by `rgb' on input line 1353.
Package xcolor Info: Model `RGB' extended on input line 1365.
Package xcolor Info: Model `HTML' substituted by `rgb' on input line 1367.
Package xcolor Info: Model `Hsb' substituted by `hsb' on input line 1368.
Package xcolor Info: Model `tHsb' substituted by `hsb' on input line 1369.
Package xcolor Info: Model `HSB' substituted by `hsb' on input line 1370.
Package xcolor Info: Model `Gray' substituted by `gray' on input line 1371.
Package xcolor Info: Model `wave' substituted by `hsb' on input line 1372.
)
(/usr/local/texlive/2025/texmf-dist/tex/latex/amsmath/amsmath.sty
Package: amsmath 2024/11/05 v2.17t AMS math features
\@mathmargin=\skip59

For additional information on amsmath, use the `?' option.
(/usr/local/texlive/2025/texmf-dist/tex/latex/amsmath/amstext.sty
Package: amstext 2021/08/26 v2.01 AMS text

(/usr/local/texlive/2025/texmf-dist/tex/latex/amsmath/amsgen.sty
File: amsgen.sty 1999/11/30 v2.0 generic functions
\@emptytoks=\toks27
\ex@=\dimen169
))
(/usr/local/texlive/2025/texmf-dist/tex/latex/amsmath/amsbsy.sty
Package: amsbsy 1999/11/29 v1.2d Bold Symbols
\pmbraise@=\dimen170
)
(/usr/local/texlive/2025/texmf-dist/tex/latex/amsmath/amsopn.sty
Package: amsopn 2022/04/08 v2.04 operator names
)
\inf@bad=\count302
LaTeX Info: Redefining \frac on input line 233.
\uproot@=\count303
\leftroot@=\count304
LaTeX Info: Redefining \overline on input line 398.
LaTeX Info: Redefining \colon on input line 409.
\classnum@=\count305
\DOTSCASE@=\count306
LaTeX Info: Redefining \ldots on input line 495.
LaTeX Info: Redefining \dots on input line 498.
LaTeX Info: Redefining \cdots on input line 619.
\Mathstrutbox@=\box61
\strutbox@=\box62
LaTeX Info: Redefining \big on input line 721.
LaTeX Info: Redefining \Big on input line 722.
LaTeX Info: Redefining \bigg on input line 723.
LaTeX Info: Redefining \Bigg on input line 724.
\big@size=\dimen171
LaTeX Font Info:    Redeclaring font encoding OML on input line 742.
LaTeX Font Info:    Redeclaring font encoding OMS on input line 743.
\macc@depth=\count307
LaTeX Info: Redefining \bmod on input line 904.
LaTeX Info: Redefining \pmod on input line 909.
LaTeX Info: Redefining \smash on input line 939.
LaTeX Info: Redefining \relbar on input line 969.
LaTeX Info: Redefining \Relbar on input line 970.
\c@MaxMatrixCols=\count308
\dotsspace@=\muskip18
\c@parentequation=\count309
\dspbrk@lvl=\count310
\tag@help=\toks28
\row@=\count311
\column@=\count312
\maxfields@=\count313
\andhelp@=\toks29
\eqnshift@=\dimen172
\alignsep@=\dimen173
\tagshift@=\dimen174
\tagwidth@=\dimen175
\totwidth@=\dimen176
\lineht@=\dimen177
\@envbody=\toks30
\multlinegap=\skip60
\multlinetaggap=\skip61
\mathdisplay@stack=\toks31
LaTeX Info: Redefining \[ on input line 2953.
LaTeX Info: Redefining \] on input line 2954.
)
(/usr/local/texlive/2025/texmf-dist/tex/latex/graphics/graphicx.sty
Package: graphicx 2021/09/16 v1.2d Enhanced LaTeX Graphics (DPC,SPQR)

(/usr/local/texlive/2025/texmf-dist/tex/latex/graphics/graphics.sty
Package: graphics 2024/08/06 v1.4g Standard LaTeX Graphics (DPC,SPQR)

(/usr/local/texlive/2025/texmf-dist/tex/latex/graphics/trig.sty
Package: trig 2023/12/02 v1.11 sin cos tan (DPC)
)
(/usr/local/texlive/2025/texmf-dist/tex/latex/graphics-cfg/graphics.cfg
File: graphics.cfg 2016/06/04 v1.11 sample graphics configuration
)
Package graphics Info: Driver file: pdftex.def on input line 106.
)
\Gin@req@height=\dimen178
\Gin@req@width=\dimen179
)
(/usr/local/texlive/2025/texmf-dist/tex/latex/amsfonts/amssymb.sty
Package: amssymb 2013/01/14 v3.01 AMS font symbols

(/usr/local/texlive/2025/texmf-dist/tex/latex/amsfonts/amsfonts.sty
Package: amsfonts 2013/01/14 v3.01 Basic AMSFonts support
\symAMSa=\mathgroup4
\symAMSb=\mathgroup5
LaTeX Font Info:    Redeclaring math symbol \hbar on input line 98.
LaTeX Font Info:    Overwriting math alphabet `\mathfrak' in version `bold'
(Font)                  U/euf/m/n --> U/euf/b/n on input line 106.
))
(/usr/local/texlive/2025/texmf-dist/tex/latex/comment/comment.sty
\CommentStream=\write3

Excluding comment 'comment')
(/usr/local/texlive/2025/texmf-dist/tex/latex/l3backend/l3backend-pdftex.def
File: l3backend-pdftex.def 2024-05-08 L3 backend support: PDF output (pdfTeX)
\l__color_backend_stack_int=\count314
\l__pdf_internal_box=\box63
)
(./main_reorganized.aux)
\openout1 = `main_reorganized.aux'.

LaTeX Font Info:    Checking defaults for OML/cmm/m/it on input line 38.
LaTeX Font Info:    ... okay on input line 38.
LaTeX Font Info:    Checking defaults for OMS/cmsy/m/n on input line 38.
LaTeX Font Info:    ... okay on input line 38.
LaTeX Font Info:    Checking defaults for OT1/cmr/m/n on input line 38.
LaTeX Font Info:    ... okay on input line 38.
LaTeX Font Info:    Checking defaults for T1/cmr/m/n on input line 38.
LaTeX Font Info:    ... okay on input line 38.
LaTeX Font Info:    Checking defaults for TS1/cmr/m/n on input line 38.
LaTeX Font Info:    ... okay on input line 38.
LaTeX Font Info:    Checking defaults for OMX/cmex/m/n on input line 38.
LaTeX Font Info:    ... okay on input line 38.
LaTeX Font Info:    Checking defaults for U/cmr/m/n on input line 38.
LaTeX Font Info:    ... okay on input line 38.
LaTeX Font Info:    Checking defaults for C00/song/m/n on input line 38.
LaTeX Font Info:    ... okay on input line 38.
LaTeX Font Info:    Checking defaults for C05/song/m/n on input line 38.
LaTeX Font Info:    ... okay on input line 38.
LaTeX Font Info:    Checking defaults for C09/song/m/n on input line 38.
LaTeX Font Info:    ... okay on input line 38.
LaTeX Font Info:    Checking defaults for C10/song/m/n on input line 38.
LaTeX Font Info:    ... okay on input line 38.
LaTeX Font Info:    Checking defaults for C20/song/m/n on input line 38.
LaTeX Font Info:    ... okay on input line 38.
LaTeX Font Info:    Checking defaults for C19/song/m/n on input line 38.
LaTeX Font Info:    ... okay on input line 38.
LaTeX Font Info:    Checking defaults for C40/song/m/n on input line 38.
LaTeX Font Info:    ... okay on input line 38.
LaTeX Font Info:    Checking defaults for C42/song/m/n on input line 38.
LaTeX Font Info:    ... okay on input line 38.
LaTeX Font Info:    Checking defaults for C43/song/m/n on input line 38.
LaTeX Font Info:    ... okay on input line 38.
LaTeX Font Info:    Checking defaults for C50/song/m/n on input line 38.
LaTeX Font Info:    ... okay on input line 38.
LaTeX Font Info:    Checking defaults for C52/song/m/n on input line 38.
LaTeX Font Info:    ... okay on input line 38.
LaTeX Font Info:    Checking defaults for C49/song/m/n on input line 38.
LaTeX Font Info:    ... okay on input line 38.
LaTeX Font Info:    Checking defaults for C60/mj/m/n on input line 38.
LaTeX Font Info:    ... okay on input line 38.
LaTeX Font Info:    Checking defaults for C61/mj/m/n on input line 38.
LaTeX Font Info:    ... okay on input line 38.
LaTeX Font Info:    Checking defaults for C63/mj/m/n on input line 38.
LaTeX Font Info:    ... okay on input line 38.
LaTeX Font Info:    Checking defaults for C64/mj/m/n on input line 38.
LaTeX Font Info:    ... okay on input line 38.
LaTeX Font Info:    Checking defaults for C65/mj/m/n on input line 38.
LaTeX Font Info:    ... okay on input line 38.
LaTeX Font Info:    Checking defaults for C70/song/m/n on input line 38.
LaTeX Font Info:    ... okay on input line 38.
LaTeX Font Info:    Checking defaults for C31/song/m/n on input line 38.
LaTeX Font Info:    ... okay on input line 38.
LaTeX Font Info:    Checking defaults for C32/song/m/n on input line 38.
LaTeX Font Info:    ... okay on input line 38.
LaTeX Font Info:    Checking defaults for C33/song/m/n on input line 38.
LaTeX Font Info:    ... okay on input line 38.
LaTeX Font Info:    Checking defaults for C34/song/m/n on input line 38.
LaTeX Font Info:    ... okay on input line 38.
LaTeX Font Info:    Checking defaults for C35/song/m/n on input line 38.
LaTeX Font Info:    ... okay on input line 38.
LaTeX Font Info:    Checking defaults for C36/song/m/n on input line 38.
LaTeX Font Info:    ... okay on input line 38.
LaTeX Font Info:    Checking defaults for C37/song/m/n on input line 38.
LaTeX Font Info:    ... okay on input line 38.
LaTeX Font Info:    Checking defaults for C80/song/m/n on input line 38.
LaTeX Font Info:    ... okay on input line 38.
LaTeX Font Info:    Checking defaults for C81/song/m/n on input line 38.
LaTeX Font Info:    ... okay on input line 38.
LaTeX Font Info:    Checking defaults for C01/song/m/n on input line 38.
LaTeX Font Info:    ... okay on input line 38.
LaTeX Font Info:    Checking defaults for C11/song/m/n on input line 38.
LaTeX Font Info:    ... okay on input line 38.
LaTeX Font Info:    Checking defaults for C21/song/m/n on input line 38.
LaTeX Font Info:    ... okay on input line 38.
LaTeX Font Info:    Checking defaults for C41/song/m/n on input line 38.
LaTeX Font Info:    ... okay on input line 38.
LaTeX Font Info:    Checking defaults for C62/song/m/n on input line 38.
LaTeX Font Info:    ... okay on input line 38.
LaTeX Font Info:    Checking defaults for PD1/pdf/m/n on input line 38.
LaTeX Font Info:    ... okay on input line 38.
LaTeX Font Info:    Checking defaults for PU/pdf/m/n on input line 38.
LaTeX Font Info:    ... okay on input line 38.
Package hyperref Info: Link coloring OFF on input line 38.
\@outlinefile=\write4
\openout4 = `main_reorganized.out'.


*geometry* driver: auto-detecting
*geometry* detected driver: pdftex
*geometry* verbose mode - [ preamble ] result:
* driver: pdftex
* paper: a4paper
* layout: <same size as paper>
* layoutoffset:(h,v)=(0.0pt,0.0pt)
* modes: 
* h-part:(L,W,R)=(72.26999pt, 452.9679pt, 72.26999pt)
* v-part:(T,H,B)=(72.26999pt, 700.50687pt, 72.26999pt)
* \paperwidth=597.50787pt
* \paperheight=845.04684pt
* \textwidth=452.9679pt
* \textheight=700.50687pt
* \oddsidemargin=0.0pt
* \evensidemargin=0.0pt
* \topmargin=-37.0pt
* \headheight=12.0pt
* \headsep=25.0pt
* \topskip=10.0pt
* \footskip=30.0pt
* \marginparwidth=65.0pt
* \marginparsep=11.0pt
* \columnsep=10.0pt
* \skip\footins=9.0pt plus 4.0pt minus 2.0pt
* \hoffset=0.0pt
* \voffset=0.0pt
* \mag=1000
* \@twocolumnfalse
* \@twosidefalse
* \@mparswitchfalse
* \@reversemarginfalse
* (1in=72.27pt=25.4mm, 1cm=28.453pt)

(/usr/local/texlive/2025/texmf-dist/tex/context/base/mkii/supp-pdf.mkii
[Loading MPS to PDF converter (version 2006.09.02).]
\scratchcounter=\count315
\scratchdimen=\dimen180
\scratchbox=\box64
\nofMPsegments=\count316
\nofMParguments=\count317
\everyMPshowfont=\toks32
\MPscratchCnt=\count318
\MPscratchDim=\dimen181
\MPnumerator=\count319
\makeMPintoPDFobject=\count320
\everyMPtoPDFconversion=\toks33
) (/usr/local/texlive/2025/texmf-dist/tex/latex/epstopdf-pkg/epstopdf-base.sty
Package: epstopdf-base 2020-01-24 v2.11 Base part for package epstopdf
Package epstopdf-base Info: Redefining graphics rule for `.eps' on input line 4
85.

(/usr/local/texlive/2025/texmf-dist/tex/latex/latexconfig/epstopdf-sys.cfg
File: epstopdf-sys.cfg 2010/07/13 v1.3 Configuration of (r)epstopdf for TeX Liv
e
))
LaTeX Font Info:    Trying to load font information for U+msa on input line 50.


(/usr/local/texlive/2025/texmf-dist/tex/latex/amsfonts/umsa.fd
File: umsa.fd 2013/01/14 v3.01 AMS symbols A
)
LaTeX Font Info:    Trying to load font information for U+msb on input line 50.


(/usr/local/texlive/2025/texmf-dist/tex/latex/amsfonts/umsb.fd
File: umsb.fd 2013/01/14 v3.01 AMS symbols B
)
(./main_reorganized.toc

[1

{/usr/local/texlive/2025/texmf-var/fonts/map/pdftex/updmap/pdftex.map}])
\tf@toc=\write5
\openout5 = `main_reorganized.toc'.



[2]

[3]

[4]

[5{/usr/local/texlive/2025/texmf-dist/fonts/enc/dvips/cm-super/cm-super-ts1.enc
}]

[6]
Package hyperref Info: bookmark level for unknown algorithm defaults to 0 on in
put line 236.


[7]

[8]
<kalman_1d_linear.png, id=231, 722.7pt x 325.215pt>
File: kalman_1d_linear.png Graphic file (type png)
<use kalman_1d_linear.png>
Package pdftex.def Info: kalman_1d_linear.png  used on input line 372.
(pdftex.def)             Requested size: 339.72592pt x 152.87587pt.


[9
pdfTeX warning (ext4): destination with the same identifier (name{figure.1}) ha
s been already used, duplicate ignored
<argument> ...shipout:D \box_use:N \l_shipout_box 
                                                  \__shipout_drop_firstpage_...
l.382 \newpage
              ]

[10]

[11]

[12]

[13]
<ekf_ukf_range_bearing_combined.png, id=332, 722.7pt x 433.62pt>
File: ekf_ukf_range_bearing_combined.png Graphic file (type png)
<use ekf_ukf_range_bearing_combined.png>
Package pdftex.def Info: ekf_ukf_range_bearing_combined.png  used on input line
 594.
(pdftex.def)             Requested size: 385.02547pt x 231.01509pt.
<ekf_ukf_sv_raw_combined.png, id=333, 722.7pt x 325.215pt>
File: ekf_ukf_sv_raw_combined.png Graphic file (type png)
<use ekf_ukf_sv_raw_combined.png>
Package pdftex.def Info: ekf_ukf_sv_raw_combined.png  used on input line 601.
(pdftex.def)             Requested size: 385.02547pt x 173.2613pt.


[14
pdfTeX warning (ext4): destination with the same identifier (name{table.1}) has
 been already used, duplicate ignored
<argument> ...shipout:D \box_use:N \l_shipout_box 
                                                  \__shipout_drop_firstpage_...
l.605 
      
pdfTeX warning (ext4): destination with the same identifier (name{figure.2}) ha
s been already used, duplicate ignored
<argument> ...shipout:D \box_use:N \l_shipout_box 
                                                  \__shipout_drop_firstpage_...
l.605 
      ]
<ekf_ukf_sv_log_combined.png, id=341, 722.7pt x 325.215pt>
File: ekf_ukf_sv_log_combined.png Graphic file (type png)
<use ekf_ukf_sv_log_combined.png>
Package pdftex.def Info: ekf_ukf_sv_log_combined.png  used on input line 608.
(pdftex.def)             Requested size: 385.02547pt x 173.2613pt.


[15
pdfTeX warning (ext4): destination with the same identifier (name{figure.3}) ha
s been already used, duplicate ignored
<argument> ...shipout:D \box_use:N \l_shipout_box 
                                                  \__shipout_drop_firstpage_...
l.616 \newpage
              
pdfTeX warning (ext4): destination with the same identifier (name{figure.4}) ha
s been already used, duplicate ignored
<argument> ...shipout:D \box_use:N \l_shipout_box 
                                                  \__shipout_drop_firstpage_...
l.616 \newpage
              ]

[16]

[17]
<particle.png, id=384, 1002.3849pt x 713.064pt>
File: particle.png Graphic file (type png)
<use particle.png>
Package pdftex.def Info: particle.png  used on input line 732.
(pdftex.def)             Requested size: 362.37569pt x 257.78pt.
<particle2.png, id=385, 1002.3849pt x 713.064pt>
File: particle2.png Graphic file (type png)
<use particle2.png>
Package pdftex.def Info: particle2.png  used on input line 739.
(pdftex.def)             Requested size: 362.37569pt x 257.78pt.


[18
pdfTeX warning (ext4): destination with the same identifier (name{figure.5}) ha
s been already used, duplicate ignored
<argument> ...shipout:D \box_use:N \l_shipout_box 
                                                  \__shipout_drop_firstpage_...
l.743 
      ]
<particle3.png, id=401, 1000.4577pt x 713.064pt>
File: particle3.png Graphic file (type png)
<use particle3.png>
Package pdftex.def Info: particle3.png  used on input line 746.
(pdftex.def)             Requested size: 362.37569pt x 258.2805pt.
<particle4.png, id=402, 1002.6258pt x 713.064pt>
File: particle4.png Graphic file (type png)
<use particle4.png>
Package pdftex.def Info: particle4.png  used on input line 753.
(pdftex.def)             Requested size: 362.37569pt x 257.7256pt.


[19
pdfTeX warning (ext4): destination with the same identifier (name{figure.6}) ha
s been already used, duplicate ignored
<argument> ...shipout:D \box_use:N \l_shipout_box 
                                                  \__shipout_drop_firstpage_...
l.757 
      
pdfTeX warning (ext4): destination with the same identifier (name{figure.7}) ha
s been already used, duplicate ignored
<argument> ...shipout:D \box_use:N \l_shipout_box 
                                                  \__shipout_drop_firstpage_...
l.757 
      ]

[20
pdfTeX warning (ext4): destination with the same identifier (name{figure.8}) ha
s been already used, duplicate ignored
<argument> ...shipout:D \box_use:N \l_shipout_box 
                                                  \__shipout_drop_firstpage_...
l.784 \end{equation}
                    ]

[21]

[22]

[23]
<pf_edh_ledh_rb.png, id=490, 722.7pt x 433.62pt>
File: pf_edh_ledh_rb.png Graphic file (type png)
<use pf_edh_ledh_rb.png>
Package pdftex.def Info: pf_edh_ledh_rb.png  used on input line 1085.
(pdftex.def)             Requested size: 407.66833pt x 244.59877pt.


[24
pdfTeX warning (ext4): destination with the same identifier (name{table.2}) has
 been already used, duplicate ignored
<argument> ...shipout:D \box_use:N \l_shipout_box 
                                                  \__shipout_drop_firstpage_...
l.1089 
       ]

[25
pdfTeX warning (ext4): destination with the same identifier (name{figure.9}) ha
s been already used, duplicate ignored
<argument> ...shipout:D \box_use:N \l_shipout_box 
                                                  \__shipout_drop_firstpage_...
l.1131 
       
pdfTeX warning (ext4): destination with the same identifier (name{table.3}) has
 been already used, duplicate ignored
<argument> ...shipout:D \box_use:N \l_shipout_box 
                                                  \__shipout_drop_firstpage_...
l.1131 
       ]
<pf_edh_ledh_sv_log.png, id=524, 722.7pt x 325.215pt>
File: pf_edh_ledh_sv_log.png Graphic file (type png)
<use pf_edh_ledh_sv_log.png>
Package pdftex.def Info: pf_edh_ledh_sv_log.png  used on input line 1155.
(pdftex.def)             Requested size: 385.02547pt x 173.2613pt.
<edh_vs_ledh_flow_sv_log.png, id=527, 722.7pt x 325.215pt>
File: edh_vs_ledh_flow_sv_log.png Graphic file (type png)
<use edh_vs_ledh_flow_sv_log.png>
Package pdftex.def Info: edh_vs_ledh_flow_sv_log.png  used on input line 1162.
(pdftex.def)             Requested size: 385.02547pt x 173.2613pt.


[26
pdfTeX warning (ext4): destination with the same identifier (name{table.4}) has
 been already used, duplicate ignored
<argument> ...shipout:D \box_use:N \l_shipout_box 
                                                  \__shipout_drop_firstpage_...
l.1166 
       
pdfTeX warning (ext4): destination with the same identifier (name{table.5}) has
 been already used, duplicate ignored
<argument> ...shipout:D \box_use:N \l_shipout_box 
                                                  \__shipout_drop_firstpage_...
l.1166 
       
pdfTeX warning (ext4): destination with the same identifier (name{figure.10}) h
as been already used, duplicate ignored
<argument> ...shipout:D \box_use:N \l_shipout_box 
                                                  \__shipout_drop_firstpage_...
l.1166 
       ]
<pf_edh_ledh_sv2d.png, id=535, 722.7pt x 433.62pt>
File: pf_edh_ledh_sv2d.png Graphic file (type png)
<use pf_edh_ledh_sv2d.png>
Package pdftex.def Info: pf_edh_ledh_sv2d.png  used on input line 1172.
(pdftex.def)             Requested size: 407.66833pt x 244.59877pt.
<edh_flow_vs_invertible_sv2d.png, id=536, 722.7pt x 433.62pt>
File: edh_flow_vs_invertible_sv2d.png Graphic file (type png)
<use edh_flow_vs_invertible_sv2d.png>
Package pdftex.def Info: edh_flow_vs_invertible_sv2d.png  used on input line 11
79.
(pdftex.def)             Requested size: 407.66833pt x 244.59877pt.


[27
pdfTeX warning (ext4): destination with the same identifier (name{figure.11}) h
as been already used, duplicate ignored
<argument> ...shipout:D \box_use:N \l_shipout_box 
                                                  \__shipout_drop_firstpage_...
l.1183 
       
pdfTeX warning (ext4): destination with the same identifier (name{figure.12}) h
as been already used, duplicate ignored
<argument> ...shipout:D \box_use:N \l_shipout_box 
                                                  \__shipout_drop_firstpage_...
l.1183 
       ]
<edh_vs_ledh_invertible_sv2d.png, id=544, 722.7pt x 433.62pt>
File: edh_vs_ledh_invertible_sv2d.png Graphic file (type png)
<use edh_vs_ledh_invertible_sv2d.png>
Package pdftex.def Info: edh_vs_ledh_invertible_sv2d.png  used on input line 11
86.
(pdftex.def)             Requested size: 407.66833pt x 244.59877pt.


[28
pdfTeX warning (ext4): destination with the same identifier (name{figure.13}) h
as been already used, duplicate ignored
<argument> ...shipout:D \box_use:N \l_shipout_box 
                                                  \__shipout_drop_firstpage_...
l.1195 \begin{equation}
                       
pdfTeX warning (ext4): destination with the same identifier (name{figure.14}) h
as been already used, duplicate ignored
<argument> ...shipout:D \box_use:N \l_shipout_box 
                                                  \__shipout_drop_firstpage_...
l.1195 \begin{equation}
                       ]

[29]

[30]
<edh_flow_vs_invertible_rb.png, id=590, 722.7pt x 433.62pt>
File: edh_flow_vs_invertible_rb.png Graphic file (type png)
<use edh_flow_vs_invertible_rb.png>
Package pdftex.def Info: edh_flow_vs_invertible_rb.png  used on input line 1292
.
(pdftex.def)             Requested size: 407.66833pt x 244.59877pt.


[31]
<ledh_flow_vs_invertible_rb.png, id=629, 722.7pt x 433.62pt>
File: ledh_flow_vs_invertible_rb.png Graphic file (type png)
<use ledh_flow_vs_invertible_rb.png>
Package pdftex.def Info: ledh_flow_vs_invertible_rb.png  used on input line 129
9.
(pdftex.def)             Requested size: 407.66833pt x 244.59877pt.


[32
pdfTeX warning (ext4): destination with the same identifier (name{figure.15}) h
as been already used, duplicate ignored
<argument> ...shipout:D \box_use:N \l_shipout_box 
                                                  \__shipout_drop_firstpage_...
l.1315 D
        eterministic EDH can re-linearise $H$ at each particle. That is the ...

pdfTeX warning (ext4): destination with the same identifier (name{figure.16}) h
as been already used, duplicate ignored
<argument> ...shipout:D \box_use:N \l_shipout_box 
                                                  \__shipout_drop_firstpage_...
l.1315 D
        eterministic EDH can re-linearise $H$ at each particle. That is the ...
]
<stochastic_edh_rb_combined.png, id=641, 722.7pt x 433.62pt>
File: stochastic_edh_rb_combined.png Graphic file (type png)
<use stochastic_edh_rb_combined.png>
Package pdftex.def Info: stochastic_edh_rb_combined.png  used on input line 135
1.
(pdftex.def)             Requested size: 407.66833pt x 244.59877pt.


[33]

[34
pdfTeX warning (ext4): destination with the same identifier (name{figure.17}) h
as been already used, duplicate ignored
<argument> ...shipout:D \box_use:N \l_shipout_box 
                                                  \__shipout_drop_firstpage_...
l.1381 \clearpage
                 
pdfTeX warning (ext4): destination with the same identifier (name{table.6}) has
 been already used, duplicate ignored
<argument> ...shipout:D \box_use:N \l_shipout_box 
                                                  \__shipout_drop_firstpage_...
l.1381 \clearpage
                 ]

[35

]

[36]
<figure3_reproduction.png, id=694, 624.8946pt x 349.7868pt>
File: figure3_reproduction.png Graphic file (type png)
<use figure3_reproduction.png>
Package pdftex.def Info: figure3_reproduction.png  used on input line 1518.
(pdftex.def)             Requested size: 226.48395pt x 126.77177pt.


[37
pdfTeX warning (ext4): destination with the same identifier (name{figure.18}) h
as been already used, duplicate ignored
<argument> ...shipout:D \box_use:N \l_shipout_box 
                                                  \__shipout_drop_firstpage_...
l.1572 
       ]

[38]

[39]

[40]

[41]

[42]

[43
pdfTeX warning (ext4): destination with the same identifier (name{table.7}) has
 been already used, duplicate ignored
<argument> ...shipout:D \box_use:N \l_shipout_box 
                                                  \__shipout_drop_firstpage_...
l.1787 
       
pdfTeX warning (ext4): destination with the same identifier (name{table.8}) has
 been already used, duplicate ignored
<argument> ...shipout:D \box_use:N \l_shipout_box 
                                                  \__shipout_drop_firstpage_...
l.1787 
       ]

[44]
<sinkhorn_convergence.png, id=865, 578.16pt x 361.35pt>
File: sinkhorn_convergence.png Graphic file (type png)
<use sinkhorn_convergence.png>
Package pdftex.def Info: sinkhorn_convergence.png  used on input line 1860.
(pdftex.def)             Requested size: 385.02547pt x 240.63658pt.


[45]
Overfull \hbox (20.97528pt too wide) in paragraph at lines 1879--1891
 [][] 
 []



[46
pdfTeX warning (ext4): destination with the same identifier (name{figure.19}) h
as been already used, duplicate ignored
<argument> ...shipout:D \box_use:N \l_shipout_box 
                                                  \__shipout_drop_firstpage_...
l.1896 
       
pdfTeX warning (ext4): destination with the same identifier (name{table.9}) has
 been already used, duplicate ignored
<argument> ...shipout:D \box_use:N \l_shipout_box 
                                                  \__shipout_drop_firstpage_...
l.1896 
       ]

[47
pdfTeX warning (ext4): destination with the same identifier (name{table.10}) ha
s been already used, duplicate ignored
<argument> ...shipout:D \box_use:N \l_shipout_box 
                                                  \__shipout_drop_firstpage_...
l.1955 \end{equation}
                     ]

[48]

[49]

[50

]

[51]
<map_learning_rate.png, id=956, 578.16pt x 325.215pt>
File: map_learning_rate.png Graphic file (type png)
<use map_learning_rate.png>
Package pdftex.def Info: map_learning_rate.png  used on input line 2124.
(pdftex.def)             Requested size: 362.37569pt x 203.8345pt.


[52]
<map_lg.png, id=965, 578.16pt x 650.43pt>
File: map_lg.png Graphic file (type png)
<use map_lg.png>
Package pdftex.def Info: map_lg.png  used on input line 2133.
(pdftex.def)             Requested size: 371.43698pt x 417.86174pt.


[53
pdfTeX warning (ext4): destination with the same identifier (name{figure.20}) h
as been already used, duplicate ignored
<argument> ...shipout:D \box_use:N \l_shipout_box 
                                                  \__shipout_drop_firstpage_...
l.2137 
       ]
<map_rb.png, id=970, 578.16pt x 650.43pt>
File: map_rb.png Graphic file (type png)
<use map_rb.png>
Package pdftex.def Info: map_rb.png  used on input line 2140.
(pdftex.def)             Requested size: 371.43698pt x 417.86174pt.


[54
pdfTeX warning (ext4): destination with the same identifier (name{figure.21}) h
as been already used, duplicate ignored
<argument> ...shipout:D \box_use:N \l_shipout_box 
                                                  \__shipout_drop_firstpage_...
l.2144 
       ]
<map_sv1d.png, id=976, 578.16pt x 650.43pt>
File: map_sv1d.png Graphic file (type png)
<use map_sv1d.png>
Package pdftex.def Info: map_sv1d.png  used on input line 2147.
(pdftex.def)             Requested size: 371.43698pt x 417.86174pt.


[55
pdfTeX warning (ext4): destination with the same identifier (name{figure.22}) h
as been already used, duplicate ignored
<argument> ...shipout:D \box_use:N \l_shipout_box 
                                                  \__shipout_drop_firstpage_...
l.2151 
       ]
<map_sv2d.png, id=983, 578.16pt x 650.43pt>
File: map_sv2d.png Graphic file (type png)
<use map_sv2d.png>
Package pdftex.def Info: map_sv2d.png  used on input line 2154.
(pdftex.def)             Requested size: 371.43698pt x 417.86174pt.


[56
pdfTeX warning (ext4): destination with the same identifier (name{figure.23}) h
as been already used, duplicate ignored
<argument> ...shipout:D \box_use:N \l_shipout_box 
                                                  \__shipout_drop_firstpage_...
l.2158 
       ]

[57
pdfTeX warning (ext4): destination with the same identifier (name{figure.24}) h
as been already used, duplicate ignored
<argument> ...shipout:D \box_use:N \l_shipout_box 
                                                  \__shipout_drop_firstpage_...
l.2171 \begin{equation}
                       ]
Underfull \hbox (badness 10000) in paragraph at lines 2189--2189
[]\OT1/cmr/m/n/7 Linear Gaus-sian
 []


Underfull \hbox (badness 3954) in paragraph at lines 2189--2190
[]\OT1/cmr/m/n/7 Median $1\OML/cmm/m/it/7 :\OT1/cmr/m/n/7 0$ matches the
 []


Underfull \hbox (badness 1178) in paragraph at lines 2189--2190
\OT1/cmr/m/n/7 unit noise scale, but the
 []


Underfull \hbox (badness 10000) in paragraph at lines 2190--2190
[]\OT1/cmr/m/n/7 Linear Gaus-sian
 []


Underfull \hbox (badness 10000) in paragraph at lines 2190--2190
[]\OT1/cmr/m/n/7 observation noise
 []


Underfull \hbox (badness 3601) in paragraph at lines 2191--2191
[]\OT1/cmr/m/n/7 loc $= \OMS/cmsy/m/n/7 ^^@\OT1/cmr/m/n/7 0\OML/cmm/m/it/7 :\OT
1/cmr/m/n/7 094$,
 []


Underfull \hbox (badness 3260) in paragraph at lines 2191--2192
\OT1/cmr/m/n/7 the syn-thetic per-sis-tence;
 []


Underfull \hbox (badness 3601) in paragraph at lines 2193--2193
[]\OT1/cmr/m/n/7 loc $= \OMS/cmsy/m/n/7 ^^@\OT1/cmr/m/n/7 0\OML/cmm/m/it/7 :\OT
1/cmr/m/n/7 693$,
 []


Underfull \hbox (badness 10000) in paragraph at lines 2194--2194
[]\OT1/cmr/m/n/7 SV2D all-
 []


Underfull \hbox (badness 1205) in paragraph at lines 2194--2195
\OT1/cmr/m/n/7 ble per-sis-tence co-ef-fi-cient;
 []


Underfull \hbox (badness 10000) in paragraph at lines 2194--2195
\OT1/cmr/m/n/7 the guide would pre-fer
 []


Underfull \hbox (badness 1859) in paragraph at lines 2194--2195
\OT1/cmr/m/n/7 an in-for-ma-tive $[](\OML/cmm/m/it/7 ; ^^L\OT1/cmr/m/n/7 )$
 []


Underfull \hbox (badness 10000) in paragraph at lines 2195--2195
[]\OT1/cmr/m/n/7 SV2D all-
 []


Underfull \hbox (badness 10000) in paragraph at lines 2196--2196
[]\OT1/cmr/m/n/7 SV2D all-
 []


Underfull \hbox (badness 10000) in paragraph at lines 2197--2197
[]\OT1/cmr/m/n/7 SV2D all-
 []


Overfull \hbox (40.13249pt too wide) in paragraph at lines 2185--2202
 [][] 
 []



[58
pdfTeX warning (ext4): destination with the same identifier (name{table.11}) ha
s been already used, duplicate ignored
<argument> ...shipout:D \box_use:N \l_shipout_box 
                                                  \__shipout_drop_firstpage_...
l.2206 
       ]
Underfull \hbox (badness 1221) in paragraph at lines 2232--2232
\OT1/cmr/m/n/7 prior peak bet-ter matches
 []


Underfull \hbox (badness 10000) in paragraph at lines 2232--2233
[]\OT1/cmr/m/n/7 Not up-dated; re-
 []


Underfull \hbox (badness 10000) in paragraph at lines 2232--2233
\OT1/cmr/m/n/7 port runs use
 []


Underfull \hbox (badness 3179) in paragraph at lines 2234--2234
[]\OT1/cmr/m/n/7 One $\OML/cmm/m/it/7 ^^[[]$\OT1/cmr/m/n/7 -only con-fig-u-ra-t
ion
 []


Underfull \hbox (badness 10000) in paragraph at lines 2234--2235
[]\OT1/cmr/m/n/7 Partial; stan-dalone
 []


Underfull \hbox (badness 2261) in paragraph at lines 2234--2235
\OT1/cmr/m/n/7 con-fig-u-ra-tion is mode-
 []


Underfull \hbox (badness 1360) in paragraph at lines 2234--2235
\OT1/cmr/m/n/7 corrected, sib-lings and
 []



[59
pdfTeX warning (ext4): destination with the same identifier (name{table.12}) ha
s been already used, duplicate ignored
<argument> ...shipout:D \box_use:N \l_shipout_box 
                                                  \__shipout_drop_firstpage_...
l.2240 
       ]

[60]
<hmc_lg_trace.png, id=1040, 722.7pt x 325.215pt>
File: hmc_lg_trace.png Graphic file (type png)
<use hmc_lg_trace.png>
Package pdftex.def Info: hmc_lg_trace.png  used on input line 2300.
(pdftex.def)             Requested size: 430.31812pt x 193.64178pt.


[61]
<hmc_lg_histogram_kalman.png, id=1055, 505.89pt x 289.08pt>
File: hmc_lg_histogram_kalman.png Graphic file (type png)
<use hmc_lg_histogram_kalman.png>
Package pdftex.def Info: hmc_lg_histogram_kalman.png  used on input line 2310.
(pdftex.def)             Requested size: 317.07614pt x 181.19063pt.
<hmc_lg_histogram_ekf.png, id=1056, 505.89pt x 289.08pt>
File: hmc_lg_histogram_ekf.png Graphic file (type png)
<use hmc_lg_histogram_ekf.png>
Package pdftex.def Info: hmc_lg_histogram_ekf.png  used on input line 2317.
(pdftex.def)             Requested size: 317.07614pt x 181.19063pt.


[62
pdfTeX warning (ext4): destination with the same identifier (name{figure.25}) h
as been already used, duplicate ignored
<argument> ...shipout:D \box_use:N \l_shipout_box 
                                                  \__shipout_drop_firstpage_...
l.2321 
       
pdfTeX warning (ext4): destination with the same identifier (name{figure.26}) h
as been already used, duplicate ignored
<argument> ...shipout:D \box_use:N \l_shipout_box 
                                                  \__shipout_drop_firstpage_...
l.2321 
       ]
<hmc_lg_histogram_ukf.png, id=1064, 505.89pt x 289.08pt>
File: hmc_lg_histogram_ukf.png Graphic file (type png)
<use hmc_lg_histogram_ukf.png>
Package pdftex.def Info: hmc_lg_histogram_ukf.png  used on input line 2324.
(pdftex.def)             Requested size: 317.07614pt x 181.19063pt.
<hmc_lg_histogram_ledh_ot.png, id=1065, 505.89pt x 289.08pt>
File: hmc_lg_histogram_ledh_ot.png Graphic file (type png)
<use hmc_lg_histogram_ledh_ot.png>
Package pdftex.def Info: hmc_lg_histogram_ledh_ot.png  used on input line 2331.

(pdftex.def)             Requested size: 317.07614pt x 181.19063pt.
<hmc_lg_histogram_bpf_ot.png, id=1066, 505.89pt x 289.08pt>
File: hmc_lg_histogram_bpf_ot.png Graphic file (type png)
<use hmc_lg_histogram_bpf_ot.png>
Package pdftex.def Info: hmc_lg_histogram_bpf_ot.png  used on input line 2338.
(pdftex.def)             Requested size: 317.07614pt x 181.19063pt.


[63
pdfTeX warning (ext4): destination with the same identifier (name{figure.27}) h
as been already used, duplicate ignored
<argument> ...shipout:D \box_use:N \l_shipout_box 
                                                  \__shipout_drop_firstpage_...
l.2342 
       
pdfTeX warning (ext4): destination with the same identifier (name{figure.28}) h
as been already used, duplicate ignored
<argument> ...shipout:D \box_use:N \l_shipout_box 
                                                  \__shipout_drop_firstpage_...
l.2342 
       
pdfTeX warning (ext4): destination with the same identifier (name{figure.29}) h
as been already used, duplicate ignored
<argument> ...shipout:D \box_use:N \l_shipout_box 
                                                  \__shipout_drop_firstpage_...
l.2342 
       ]
<hmc_rb_trace.png, id=1085, 722.7pt x 433.62pt>
File: hmc_rb_trace.png Graphic file (type png)
<use hmc_rb_trace.png>
Package pdftex.def Info: hmc_rb_trace.png  used on input line 2358.
(pdftex.def)             Requested size: 430.31812pt x 258.18906pt.


[64
pdfTeX warning (ext4): destination with the same identifier (name{figure.30}) h
as been already used, duplicate ignored
<argument> ...shipout:D \box_use:N \l_shipout_box 
                                                  \__shipout_drop_firstpage_...
l.2362 
       ]
<hmc_rb_histogram.png, id=1092, 722.7pt x 433.62pt>
File: hmc_rb_histogram.png Graphic file (type png)
<use hmc_rb_histogram.png>
Package pdftex.def Info: hmc_rb_histogram.png  used on input line 2365.
(pdftex.def)             Requested size: 430.31812pt x 258.18906pt.


[65
pdfTeX warning (ext4): destination with the same identifier (name{figure.31}) h
as been already used, duplicate ignored
<argument> ...shipout:D \box_use:N \l_shipout_box 
                                                  \__shipout_drop_firstpage_...
l.2375 
       
pdfTeX warning (ext4): destination with the same identifier (name{figure.32}) h
as been already used, duplicate ignored
<argument> ...shipout:D \box_use:N \l_shipout_box 
                                                  \__shipout_drop_firstpage_...
l.2375 
       ]
<hmc_sv1d_trace.png, id=1101, 505.89pt x 289.08pt>
File: hmc_sv1d_trace.png Graphic file (type png)
<use hmc_sv1d_trace.png>
Package pdftex.def Info: hmc_sv1d_trace.png  used on input line 2378.
(pdftex.def)             Requested size: 317.07614pt x 181.19063pt.
<hmc_sv1d_histogram.png, id=1102, 505.89pt x 289.08pt>
File: hmc_sv1d_histogram.png Graphic file (type png)
<use hmc_sv1d_histogram.png>
Package pdftex.def Info: hmc_sv1d_histogram.png  used on input line 2385.
(pdftex.def)             Requested size: 317.07614pt x 181.19063pt.


[66
pdfTeX warning (ext4): destination with the same identifier (name{figure.33}) h
as been already used, duplicate ignored
<argument> ...shipout:D \box_use:N \l_shipout_box 
                                                  \__shipout_drop_firstpage_...
l.2417 
       
pdfTeX warning (ext4): destination with the same identifier (name{figure.34}) h
as been already used, duplicate ignored
<argument> ...shipout:D \box_use:N \l_shipout_box 
                                                  \__shipout_drop_firstpage_...
l.2417 
       ]
<hmc_sv2d_trace.png, id=1120, 505.89pt x 289.08pt>
File: hmc_sv2d_trace.png Graphic file (type png)
<use hmc_sv2d_trace.png>
Package pdftex.def Info: hmc_sv2d_trace.png  used on input line 2430.
(pdftex.def)             Requested size: 317.07614pt x 181.19063pt.


[67
pdfTeX warning (ext4): destination with the same identifier (name{table.13}) ha
s been already used, duplicate ignored
<argument> ...shipout:D \box_use:N \l_shipout_box 
                                                  \__shipout_drop_firstpage_...
l.2434 
       ]
<hmc_sv2d_histogram.png, id=1129, 505.89pt x 289.08pt>
File: hmc_sv2d_histogram.png Graphic file (type png)
<use hmc_sv2d_histogram.png>
Package pdftex.def Info: hmc_sv2d_histogram.png  used on input line 2437.
(pdftex.def)             Requested size: 317.07614pt x 181.19063pt.

Underfull \hbox (badness 10000) in paragraph at lines 2457--2457
[]\OT1/cmr/m/n/8 Spikes co-in-cide with
 []


Underfull \hbox (badness 3884) in paragraph at lines 2458--2458
\OT1/cmr/m/n/8 im-plicit Sinkhorn back-
 []


Underfull \hbox (badness 10000) in paragraph at lines 2458--2458
\OT1/cmr/m/n/8 the filter-level gra-di-ent
 []


Underfull \hbox (badness 1484) in paragraph at lines 2458--2458
\OT1/cmr/m/n/8 untested is the full SV2D
 []


Underfull \hbox (badness 10000) in paragraph at lines 2459--2459
[]\OT1/cmr/m/n/8 Appears on LEDH+OT;
 []


Underfull \hbox (badness 10000) in paragraph at lines 2459--2459
\OT1/cmr/m/n/8 same spike ge-om-e-try on
 []


Underfull \hbox (badness 5622) in paragraph at lines 2459--2459
[]\OT1/cmr/m/n/8 Cross-filter per-sis-tence ar-
 []


Underfull \hbox (badness 10000) in paragraph at lines 2459--2460
[]\OT1/cmr/m/n/8 Partially ruled
 []


Underfull \hbox (badness 1460) in paragraph at lines 2460--2460
[]\OT1/cmr/m/n/8 Stochastic PF es-ti-ma-tor
 []


Underfull \hbox (badness 1142) in paragraph at lines 2460--2460
[]\OT1/cmr/m/n/8 Fixed-seed runs still spike;
 []


Underfull \hbox (badness 10000) in paragraph at lines 2461--2461
[]\OT1/cmr/m/n/8 Lyapunov-stationary,
 []


Underfull \hbox (badness 5077) in paragraph at lines 2461--2461
\OT1/cmr/m/n/8 matches \TS1/cmr/m/n/8 §\OT1/cmr/m/n/8 2 prin-ci-ple and
 []



[68
pdfTeX warning (ext4): destination with the same identifier (name{figure.35}) h
as been already used, duplicate ignored
<argument> ...shipout:D \box_use:N \l_shipout_box 
                                                  \__shipout_drop_firstpage_...
l.2465 
       
pdfTeX warning (ext4): destination with the same identifier (name{figure.36}) h
as been already used, duplicate ignored
<argument> ...shipout:D \box_use:N \l_shipout_box 
                                                  \__shipout_drop_firstpage_...
l.2465 
       ] (./main_reorganized.bbl

[69
pdfTeX warning (ext4): destination with the same identifier (name{table.14}) ha
s been already used, duplicate ignored
<argument> ...shipout:D \box_use:N \l_shipout_box 
                                                  \__shipout_drop_firstpage_...
l.50 \bibitem{corenflos-differentiable-2021}
                                            ])

[70] (./main_reorganized.aux)
 ***********
LaTeX2e <2024-11-01> patch level 2
L3 programming layer <2025-01-18>
 ***********
Package rerunfilecheck Info: File `main_reorganized.out' has not changed.
(rerunfilecheck)             Checksum: AB0A3B6C29BC57CE1394BD2E6489567A;11293.
 ) 
Here is how much of TeX's memory you used:
 13843 strings out of 473190
 208396 string characters out of 5715801
 641644 words of memory out of 5000000
 36248 multiletter control sequences out of 15000+600000
 572536 words of font info for 85 fonts, out of 8000000 for 9000
 1141 hyphenation exceptions out of 8191
 75i,20n,79p,1560b,733s stack positions out of 10000i,1000n,20000p,200000b,200000s

pdfTeX warning: \pdfdraftmode enabled, not changing output pdf

PDF statistics:
 1155 PDF objects out of 1200 (max. 8388607)
 656 named destinations out of 1000 (max. 500000)
 181 words of extra memory for PDF output out of 10000 (max. 10000000)

