/Users/haowuduan/Documents/githubrepos/JPMLCOE/code/.venv/lib/python3.12/site-packages/keras/src/export/tf2onnx_lib.py:8: FutureWarning: In the future `np.object` will be defined as the corresponding NumPy scalar.
  if not hasattr(np, "object"):
<frozen runpy>:128: RuntimeWarning: 'src.experiments.run_experiment' found in sys.modules after import of package 'src.experiments', but prior to execution of 'src.experiments.run_experiment'; this may result in unpredictable behaviour
Creating model: src.models.range_bearing.RangeBearingModel
Generating 500 time steps...
Creating filter: KalmanFilter
Running KalmanFilter...
Error executing job with overrides: ['experiment=range_bearing/range_bearing_kf']
Traceback (most recent call last):
  File "/Users/haowuduan/Documents/githubrepos/JPMLCOE/code/src/experiments/run_experiment.py", line 337, in main
    results = run_filter_experiment(cfg)
              ^^^^^^^^^^^^^^^^^^^^^^^^^^
  File "/Users/haowuduan/Documents/githubrepos/JPMLCOE/code/src/experiments/run_experiment.py", line 238, in run_filter_experiment
    result = _run_filter(filter_obj, filter_name, observations, rng,
             ^^^^^^^^^^^^^^^^^^^^^^^^^^^^^^^^^^^^^^^^^^^^^^^^^^^^^^^
  File "/Users/haowuduan/Documents/githubrepos/JPMLCOE/code/src/experiments/run_experiment.py", line 126, in _run_filter
    return filter_obj.filter(observations, progress_callback=progress_callback)
           ^^^^^^^^^^^^^^^^^^^^^^^^^^^^^^^^^^^^^^^^^^^^^^^^^^^^^^^^^^^^^^^^^^^^
  File "/Users/haowuduan/Documents/githubrepos/JPMLCOE/code/src/filters/kalman/kalman.py", line 328, in filter
    self.predict()
  File "/Users/haowuduan/Documents/githubrepos/JPMLCOE/code/src/filters/kalman/kalman.py", line 265, in predict
    mean_pred, cov_pred = self._predict_step(self.mean.value(), self.cov.value())
                          ^^^^^^^^^^^^^^^^^^^^^^^^^^^^^^^^^^^^^^^^^^^^^^^^^^^^^^^
  File "/Users/haowuduan/Documents/githubrepos/JPMLCOE/code/.venv/lib/python3.12/site-packages/tensorflow/python/util/traceback_utils.py", line 153, in error_handler
    raise e.with_traceback(filtered_tb) from None
  File "/Users/haowuduan/Documents/githubrepos/JPMLCOE/code/.venv/lib/python3.12/site-packages/tensorflow/python/eager/execute.py", line 59, in quick_execute
    except TypeError as e:
tensorflow.python.framework.errors_impl.NotFoundError: Graph execution error:

Detected at node PartitionedCall defined at (most recent call last):
  File "<frozen runpy>", line 198, in _run_module_as_main

  File "<frozen runpy>", line 88, in _run_code

  File "/Users/haowuduan/Documents/githubrepos/JPMLCOE/code/src/experiments/run_experiment.py", line 380, in <module>

  File "/Users/haowuduan/Documents/githubrepos/JPMLCOE/code/.venv/lib/python3.12/site-packages/hydra/main.py", line 94, in decorated_main

  File "/Users/haowuduan/Documents/githubrepos/JPMLCOE/code/.venv/lib/python3.12/site-packages/hydra/_internal/utils.py", line 394, in _run_hydra

  File "/Users/haowuduan/Documents/githubrepos/JPMLCOE/code/.venv/lib/python3.12/site-packages/hydra/_internal/utils.py", line 457, in _run_app

  File "/Users/haowuduan/Documents/githubrepos/JPMLCOE/code/.venv/lib/python3.12/site-packages/hydra/_internal/utils.py", line 220, in run_and_report

  File "/Users/haowuduan/Documents/githubrepos/JPMLCOE/code/.venv/lib/python3.12/site-packages/hydra/_internal/utils.py", line 458, in <lambda>

  File "/Users/haowuduan/Documents/githubrepos/JPMLCOE/code/.venv/lib/python3.12/site-packages/hydra/_internal/hydra.py", line 119, in run

  File "/Users/haowuduan/Documents/githubrepos/JPMLCOE/code/.venv/lib/python3.12/site-packages/hydra/core/utils.py", line 186, in run_job

  File "/Users/haowuduan/Documents/githubrepos/JPMLCOE/code/src/experiments/run_experiment.py", line 337, in main

  File "/Users/haowuduan/Documents/githubrepos/JPMLCOE/code/src/experiments/run_experiment.py", line 238, in run_filter_experiment

  File "/Users/haowuduan/Documents/githubrepos/JPMLCOE/code/src/experiments/run_experiment.py", line 126, in _run_filter

  File "/Users/haowuduan/Documents/githubrepos/JPMLCOE/code/src/filters/kalman/kalman.py", line 328, in filter

  File "/Users/haowuduan/Documents/githubrepos/JPMLCOE/code/src/filters/kalman/kalman.py", line 265, in predict

  File "/Users/haowuduan/Documents/githubrepos/JPMLCOE/code/src/filters/kalman/kalman.py", line 205, in _predict_step

could not find registered platform with id: 0x13b146490
	 [[{{node PartitionedCall}}]] [Op:__inference__predict_step_2148]

Set the environment variable HYDRA_FULL_ERROR=1 for a complete stack trace.
