<frozen runpy>:128: RuntimeWarning: 'src.experiments.run_experiment' found in sys.modules after import of package 'src.experiments', but prior to execution of 'src.experiments.run_experiment'; this may result in unpredictable behaviour
In 'config': Could not find 'filter/particle_tf'

Available options in 'filter':
	edh_flow
	edh_flow_global
	edh_invertible
	ekf
	kalman
	kalman_cubic_sensor
	kalman_joseph
	kernel_flow
	kernel_flow_matrix
	kernel_flow_scalar
	ledh_csmc
	ledh_flow
	ledh_invertible
	ledh_invertible_bimodal
	ledh_invertible_ot
	ledh_invertible_soft
	particle
	particle_tf_ot
	particle_tf_soft
	sde_local_correction
	stochastic_edh
	stochastic_edh_optimal
	stochastic_edh_paper
	stochastic_edh_paper_optimal
	ukf
Config search path:
	provider=hydra, path=pkg://hydra.conf
	provider=main, path=file:///home/haowu/JPML/code/configs
	provider=schema, path=structured://

Set the environment variable HYDRA_FULL_ERROR=1 for a complete stack trace.
