<frozen runpy>:128: RuntimeWarning: 'src.experiments.run_experiment' found in sys.modules after import of package 'src.experiments', but prior to execution of 'src.experiments.run_experiment'; this may result in unpredictable behaviour
Creating model: src.models.acoustic_tracking_full.AcousticTrackingFullModel
WARNING: All log messages before absl::InitializeLog() is called are written to STDERR
I0000 00:00:1773134818.789611 3784202 gpu_device.cc:2020] Created device /job:localhost/replica:0/task:0/device:GPU:0 with 19713 MB memory:  -> device: 0, name: NVIDIA GeForce RTX 3090, pci bus id: 0000:01:00.0, compute capability: 8.6
Generating 50 time steps...
I0000 00:00:1773134818.874266 3784337 cuda_solvers.cc:175] Creating GpuSolver handles for stream 0x2a16f680
Creating filter: ParticleFilterTF
Running ParticleFilterTF...

============================================================
RESULTS: ParticleFilterTF
============================================================
RMSE: 27.1054
Log-likelihood: -11372.65
Mean ESS: 4.3

Performance:
  Wall time: 7.080 seconds
  Time per step: 141.60 ms
  Peak memory: 6.2 MB
  Memory increase: 116.0 MB
  Peak memory (GPU): 5.2 MB
============================================================

Results saved to /home/haowu/JPML/code/outputs/acoustic_tracking/acoustic_tracking_pf
Plot saved to /home/haowu/JPML/code/outputs/acoustic_tracking/acoustic_tracking_pf/plot.png
