<frozen runpy>:128: RuntimeWarning: 'src.experiments.run_experiment' found in sys.modules after import of package 'src.experiments', but prior to execution of 'src.experiments.run_experiment'; this may result in unpredictable behaviour
Creating model: src.models.acoustic_tracking_full.AcousticTrackingFullModel
WARNING: All log messages before absl::InitializeLog() is called are written to STDERR
I0000 00:00:1773134832.676221 3784514 gpu_device.cc:2020] Created device /job:localhost/replica:0/task:0/device:GPU:0 with 19465 MB memory:  -> device: 0, name: NVIDIA GeForce RTX 3090, pci bus id: 0000:01:00.0, compute capability: 8.6
Generating 50 time steps...
I0000 00:00:1773134832.743612 3784650 cuda_solvers.cc:175] Creating GpuSolver handles for stream 0x33c77d40
Creating filter: ParticleFilterTF
Running ParticleFilterTF...

============================================================
RESULTS: ParticleFilterTF
============================================================
RMSE: 26.6634
Log-likelihood: 506.39
Mean ESS: 96370.7

Performance:
  Wall time: 13.386 seconds
  Time per step: 267.73 ms
  Peak memory: 387.2 MB
  Memory increase: 882.0 MB
  Peak memory (GPU): 3677.5 MB
============================================================

Results saved to /home/haowu/JPML/code/outputs/acoustic_tracking/acoustic_tracking_pf_1e6
Plot saved to /home/haowu/JPML/code/outputs/acoustic_tracking/acoustic_tracking_pf_1e6/plot.png
