<frozen runpy>:128: RuntimeWarning: 'src.experiments.run_experiment' found in sys.modules after import of package 'src.experiments', but prior to execution of 'src.experiments.run_experiment'; this may result in unpredictable behaviour
Creating model: src.models.linear_gaussian.LinearGaussianModel
WARNING: All log messages before absl::InitializeLog() is called are written to STDERR
I0000 00:00:1773134359.790994 3777123 gpu_device.cc:2020] Created device /job:localhost/replica:0/task:0/device:GPU:0 with 21879 MB memory:  -> device: 0, name: NVIDIA GeForce RTX 3090, pci bus id: 0000:01:00.0, compute capability: 8.6
Generating 100 time steps...
I0000 00:00:1773134359.854918 3777123 cuda_solvers.cc:175] Creating GpuSolver handles for stream 0x3c41dfa0
Creating filter: ParticleFilterTF
Running ParticleFilterTF...

============================================================
RESULTS: ParticleFilterTF
============================================================
RMSE: 3.8995
Log-likelihood: -586.33
Mean ESS: 2.1

Performance:
  Wall time: 2.911 seconds
  Time per step: 29.11 ms
  Peak memory: 4.9 MB
  Memory increase: 133.2 MB
  Peak memory (GPU): 2.0 MB
============================================================

Results saved to /home/haowu/JPML/code/outputs/5d_linear_partial_weak/5d_partial_weak_pf
Plot saved to /home/haowu/JPML/code/outputs/5d_linear_partial_weak/5d_partial_weak_pf/plot.png
