<frozen runpy>:128: RuntimeWarning: 'src.experiments.run_experiment' found in sys.modules after import of package 'src.experiments', but prior to execution of 'src.experiments.run_experiment'; this may result in unpredictable behaviour
WARNING: All log messages before absl::InitializeLog() is called are written to STDERR
I0000 00:00:1773377460.277211 4033733 service.cc:145] XLA service 0x7b3480014f60 initialized for platform Host (this does not guarantee that XLA will be used). Devices:
I0000 00:00:1773377460.277263 4033733 service.cc:153]   StreamExecutor device (0): Host, Default Version
I0000 00:00:1773377460.300961 4033733 device_compiler.h:188] Compiled cluster using XLA!  This line is logged at most once for the lifetime of the process.
Creating model: src.models.linear_gaussian.LinearGaussianModel
Generating 100 time steps...
Creating filter: ParticleFilterTF
Running ParticleFilterTF...

============================================================
RESULTS: ParticleFilterTF
============================================================
RMSE: 2.1981
Log-likelihood: -650.09
Mean ESS: 2.2

Performance:
  Wall time: 19.593 seconds
  Time per step: 195.93 ms
  Peak memory: 5.8 MB
  Memory increase: 979.1 MB
============================================================

Results saved to /home/haowu/JPML-jit/code/outputs/5d_linear_partial_weak/5d_partial_weak_pf_ot
Plot saved to /home/haowu/JPML-jit/code/outputs/5d_linear_partial_weak/5d_partial_weak_pf_ot/plot.png
