<frozen runpy>:128: RuntimeWarning: 'src.experiments.run_experiment' found in sys.modules after import of package 'src.experiments', but prior to execution of 'src.experiments.run_experiment'; this may result in unpredictable behaviour
Creating model: src.models.linear_gaussian.LinearGaussianModel
WARNING: All log messages before absl::InitializeLog() is called are written to STDERR
I0000 00:00:1773134359.791585 3777127 gpu_device.cc:2020] Created device /job:localhost/replica:0/task:0/device:GPU:0 with 21875 MB memory:  -> device: 0, name: NVIDIA GeForce RTX 3090, pci bus id: 0000:01:00.0, compute capability: 8.6
Generating 100 time steps...
I0000 00:00:1773134359.856369 3777127 cuda_solvers.cc:175] Creating GpuSolver handles for stream 0x22acc7e0
Creating filter: ParticleFilterTF
Running ParticleFilterTF...

============================================================
RESULTS: ParticleFilterTF
============================================================
RMSE: 2.9192
Log-likelihood: -632.60
Mean ESS: 2.1

Performance:
  Wall time: 3.101 seconds
  Time per step: 31.01 ms
  Peak memory: 4.9 MB
  Memory increase: 141.3 MB
  Peak memory (GPU): 1.9 MB
============================================================

Results saved to /home/haowu/JPML/code/outputs/5d_linear_partial_weak/5d_partial_weak_pf_soft
Plot saved to /home/haowu/JPML/code/outputs/5d_linear_partial_weak/5d_partial_weak_pf_soft/plot.png
