<frozen runpy>:128: RuntimeWarning: 'src.experiments.run_experiment' found in sys.modules after import of package 'src.experiments', but prior to execution of 'src.experiments.run_experiment'; this may result in unpredictable behaviour
WARNING: All log messages before absl::InitializeLog() is called are written to STDERR
I0000 00:00:1773377321.336431 4027281 service.cc:145] XLA service 0x782b6800bb10 initialized for platform Host (this does not guarantee that XLA will be used). Devices:
I0000 00:00:1773377321.336524 4027281 service.cc:153]   StreamExecutor device (0): Host, Default Version
I0000 00:00:1773377321.533444 4027281 device_compiler.h:188] Compiled cluster using XLA!  This line is logged at most once for the lifetime of the process.
Creating model: src.models.linear_gaussian.LinearGaussianModel
Generating 100 time steps...
Creating filter: ParticleFilterTF
Running ParticleFilterTF...

============================================================
RESULTS: ParticleFilterTF
============================================================
RMSE: 0.3526
Log-likelihood: -3121.00
Mean ESS: 1.1

Performance:
  Wall time: 3.604 seconds
  Time per step: 36.04 ms
  Peak memory: 4.9 MB
  Memory increase: 125.4 MB
============================================================

Results saved to /home/haowu/JPML-jit/code/outputs/5d_linear/5d_linear_pf_soft
Plot saved to /home/haowu/JPML-jit/code/outputs/5d_linear/5d_linear_pf_soft/plot.png
