<frozen runpy>:128: RuntimeWarning: 'src.experiments.run_experiment' found in sys.modules after import of package 'src.experiments', but prior to execution of 'src.experiments.run_experiment'; this may result in unpredictable behaviour
WARNING: All log messages before absl::InitializeLog() is called are written to STDERR
I0000 00:00:1773377407.414140 4030288 service.cc:145] XLA service 0x791cec006490 initialized for platform Host (this does not guarantee that XLA will be used). Devices:
I0000 00:00:1773377407.414205 4030288 service.cc:153]   StreamExecutor device (0): Host, Default Version
I0000 00:00:1773377407.618457 4030288 device_compiler.h:188] Compiled cluster using XLA!  This line is logged at most once for the lifetime of the process.
Creating model: src.models.linear_gaussian.LinearGaussianModel
Generating 100 time steps...
Creating filter: ParticleFilterTF
Running ParticleFilterTF...

============================================================
RESULTS: ParticleFilterTF
============================================================
RMSE: 1.3212
Log-likelihood: -554.28
Mean ESS: 2.1

Performance:
  Wall time: 3.157 seconds
  Time per step: 31.57 ms
  Peak memory: 4.9 MB
  Memory increase: 135.3 MB
============================================================

Results saved to /home/haowu/JPML-jit/code/outputs/5d_linear_partial_strong/5d_partial_strong_pf_soft
Plot saved to /home/haowu/JPML-jit/code/outputs/5d_linear_partial_strong/5d_partial_strong_pf_soft/plot.png
