<frozen runpy>:128: RuntimeWarning: 'src.experiments.run_experiment' found in sys.modules after import of package 'src.experiments', but prior to execution of 'src.experiments.run_experiment'; this may result in unpredictable behaviour
WARNING: All log messages before absl::InitializeLog() is called are written to STDERR
I0000 00:00:1773377411.215932 4030888 service.cc:145] XLA service 0x7baaf4010f90 initialized for platform Host (this does not guarantee that XLA will be used). Devices:
I0000 00:00:1773377411.215977 4030888 service.cc:153]   StreamExecutor device (0): Host, Default Version
I0000 00:00:1773377411.238678 4030888 device_compiler.h:188] Compiled cluster using XLA!  This line is logged at most once for the lifetime of the process.
Creating model: src.models.linear_gaussian.LinearGaussianModel
Generating 100 time steps...
Creating filter: ParticleFilterTF
Running ParticleFilterTF...

============================================================
RESULTS: ParticleFilterTF
============================================================
RMSE: 1.6365
Log-likelihood: -616.22
Mean ESS: 2.3

Performance:
  Wall time: 20.194 seconds
  Time per step: 201.94 ms
  Peak memory: 5.8 MB
  Memory increase: 961.3 MB
============================================================

Results saved to /home/haowu/JPML-jit/code/outputs/5d_linear_partial_strong/5d_partial_strong_pf_ot
Plot saved to /home/haowu/JPML-jit/code/outputs/5d_linear_partial_strong/5d_partial_strong_pf_ot/plot.png
