<frozen runpy>:128: RuntimeWarning: 'src.experiments.run_experiment' found in sys.modules after import of package 'src.experiments', but prior to execution of 'src.experiments.run_experiment'; this may result in unpredictable behaviour
WARNING: All log messages before absl::InitializeLog() is called are written to STDERR
I0000 00:00:1773379248.664719 4051200 service.cc:145] XLA service 0x79cb24010fd0 initialized for platform Host (this does not guarantee that XLA will be used). Devices:
I0000 00:00:1773379248.664801 4051200 service.cc:153]   StreamExecutor device (0): Host, Default Version
I0000 00:00:1773379248.696265 4051200 device_compiler.h:188] Compiled cluster using XLA!  This line is logged at most once for the lifetime of the process.
Creating model: src.models.stochastic_volatility.StochasticVolatilityModel
Generating 500 time steps...
Creating filter: ParticleFilterTF
Running ParticleFilterTF...

============================================================
RESULTS: ParticleFilterTF
============================================================
RMSE: 1.1299
Log-likelihood: -545.70
Mean ESS: 586.5

Performance:
  Wall time: 188.335 seconds
  Time per step: 376.67 ms
  Peak memory: 6.2 MB
  Memory increase: 890.7 MB
============================================================

Results saved to /home/haowu/JPML-jit/code/outputs/stochastic_volatility/stochastic_volatility_pf_ot_eps0.1
Plot saved to /home/haowu/JPML-jit/code/outputs/stochastic_volatility/stochastic_volatility_pf_ot_eps0.1/plot.png
