<frozen runpy>:128: RuntimeWarning: 'src.experiments.run_experiment' found in sys.modules after import of package 'src.experiments', but prior to execution of 'src.experiments.run_experiment'; this may result in unpredictable behaviour
WARNING: All log messages before absl::InitializeLog() is called are written to STDERR
I0000 00:00:1773379239.049446 4049545 service.cc:145] XLA service 0x32cb5310 initialized for platform Host (this does not guarantee that XLA will be used). Devices:
I0000 00:00:1773379239.049496 4049545 service.cc:153]   StreamExecutor device (0): Host, Default Version
I0000 00:00:1773379239.081095 4049545 device_compiler.h:188] Compiled cluster using XLA!  This line is logged at most once for the lifetime of the process.
Creating model: src.models.stochastic_volatility.StochasticVolatilityModel
Generating 20 time steps...
Creating filter: LocalExactDaumHuangFlow
Running LocalExactDaumHuangFlow...
  Step 1/20 | 3632.6 ms | elapsed 3.63s  Step 2/20 | 193.7 ms | elapsed 3.83s  Step 3/20 | 195.8 ms | elapsed 4.02s  Step 4/20 | 195.6 ms | elapsed 4.22s  Step 5/20 | 191.8 ms | elapsed 4.41s  Step 6/20 | 178.5 ms | elapsed 4.59s  Step 7/20 | 201.7 ms | elapsed 4.79s  Step 8/20 | 225.6 ms | elapsed 5.02s  Step 9/20 | 192.7 ms | elapsed 5.21s  Step 10/20 | 217.1 ms | elapsed 5.43s  Step 11/20 | 226.5 ms | elapsed 5.65s  Step 12/20 | 223.8 ms | elapsed 5.88s  Step 13/20 | 235.0 ms | elapsed 6.11s  Step 14/20 | 203.1 ms | elapsed 6.31s  Step 15/20 | 167.6 ms | elapsed 6.48s  Step 16/20 | 197.2 ms | elapsed 6.68s  Step 17/20 | 147.9 ms | elapsed 6.83s  Step 18/20 | 149.5 ms | elapsed 6.98s  Step 19/20 | 132.4 ms | elapsed 7.11s  Step 20/20 | 120.4 ms | elapsed 7.23s

============================================================
RESULTS: LocalExactDaumHuangFlow
============================================================
RMSE: 3.2892
Log-likelihood: -6.20
Mean ESS: 500.0

Performance:
  Wall time: 7.560 seconds
  Time per step: 378.02 ms
  Peak memory: 4.3 MB
  Memory increase: 67.9 MB
============================================================

Results saved to /home/haowu/JPML-jit/code/outputs/stochastic_volatility/stochastic_volatility_ledh_flow
Plot saved to /home/haowu/JPML-jit/code/outputs/stochastic_volatility/stochastic_volatility_ledh_flow/plot.png
