<frozen runpy>:128: RuntimeWarning: 'src.experiments.run_experiment' found in sys.modules after import of package 'src.experiments', but prior to execution of 'src.experiments.run_experiment'; this may result in unpredictable behaviour
WARNING: All log messages before absl::InitializeLog() is called are written to STDERR
I0000 00:00:1773379247.996073 4050946 service.cc:145] XLA service 0x7e39ac006690 initialized for platform Host (this does not guarantee that XLA will be used). Devices:
I0000 00:00:1773379247.996127 4050946 service.cc:153]   StreamExecutor device (0): Host, Default Version
I0000 00:00:1773379248.028967 4050946 device_compiler.h:188] Compiled cluster using XLA!  This line is logged at most once for the lifetime of the process.
Creating model: src.models.stochastic_volatility.StochasticVolatilityModel
Generating 500 time steps...
Creating filter: ParticleFilterTF
Running ParticleFilterTF...

============================================================
RESULTS: ParticleFilterTF
============================================================
RMSE: 1.1506
Log-likelihood: -551.44
Mean ESS: 585.7

Performance:
  Wall time: 152.064 seconds
  Time per step: 304.13 ms
  Peak memory: 6.2 MB
  Memory increase: 960.3 MB
============================================================

Results saved to /home/haowu/JPML-jit/code/outputs/stochastic_volatility/stochastic_volatility_pf_ot_eps0.3
Plot saved to /home/haowu/JPML-jit/code/outputs/stochastic_volatility/stochastic_volatility_pf_ot_eps0.3/plot.png
