<frozen runpy>:128: RuntimeWarning: 'src.experiments.run_experiment' found in sys.modules after import of package 'src.experiments', but prior to execution of 'src.experiments.run_experiment'; this may result in unpredictable behaviour
WARNING: All log messages before absl::InitializeLog() is called are written to STDERR
I0000 00:00:1773232157.727338 3898509 gpu_device.cc:2020] Created device /job:localhost/replica:0/task:0/device:GPU:0 with 21538 MB memory:  -> device: 0, name: NVIDIA GeForce RTX 3090, pci bus id: 0000:01:00.0, compute capability: 8.6
Creating model: src.models.stochastic_volatility.StochasticVolatilityModel
Generating 500 time steps...
  Observations transformed (e.g. log-space mode)
Creating filter: ParticleFilterTF
Running ParticleFilterTF...

============================================================
RESULTS: ParticleFilterTF
============================================================
RMSE: 1.2892
Log-likelihood: -1198.56
Mean ESS: 630.2

Performance:
  Wall time: 2.775 seconds
  Time per step: 5.55 ms
  Peak memory: 6.2 MB
  Memory increase: 118.1 MB
  Peak memory (GPU): 8.4 MB
============================================================

Results saved to /home/haowu/JPML/code/outputs/stochastic_volatility/stochastic_volatility_pf_log
Plot saved to /home/haowu/JPML/code/outputs/stochastic_volatility/stochastic_volatility_pf_log/plot.png
