<frozen runpy>:128: RuntimeWarning: 'src.experiments.run_experiment' found in sys.modules after import of package 'src.experiments', but prior to execution of 'src.experiments.run_experiment'; this may result in unpredictable behaviour
WARNING: All log messages before absl::InitializeLog() is called are written to STDERR
I0000 00:00:1773379243.856033 4050668 service.cc:145] XLA service 0x7ce61c006a00 initialized for platform Host (this does not guarantee that XLA will be used). Devices:
I0000 00:00:1773379243.856093 4050668 service.cc:153]   StreamExecutor device (0): Host, Default Version
I0000 00:00:1773379244.059230 4050668 device_compiler.h:188] Compiled cluster using XLA!  This line is logged at most once for the lifetime of the process.
Creating model: src.models.stochastic_volatility.StochasticVolatilityModel
Generating 500 time steps...
Creating filter: ParticleFilterTF
Running ParticleFilterTF...

============================================================
RESULTS: ParticleFilterTF
============================================================
RMSE: 1.1407
Log-likelihood: -546.61
Mean ESS: 523.9

Performance:
  Wall time: 4.527 seconds
  Time per step: 9.05 ms
  Peak memory: 5.3 MB
  Memory increase: 176.6 MB
============================================================

Results saved to /home/haowu/JPML-jit/code/outputs/stochastic_volatility/stochastic_volatility_pf_soft_alpha0.7
Plot saved to /home/haowu/JPML-jit/code/outputs/stochastic_volatility/stochastic_volatility_pf_soft_alpha0.7/plot.png
