<frozen runpy>:128: RuntimeWarning: 'src.experiments.run_experiment' found in sys.modules after import of package 'src.experiments', but prior to execution of 'src.experiments.run_experiment'; this may result in unpredictable behaviour
WARNING: All log messages before absl::InitializeLog() is called are written to STDERR
I0000 00:00:1773379244.288681 4051061 service.cc:145] XLA service 0x735744006490 initialized for platform Host (this does not guarantee that XLA will be used). Devices:
I0000 00:00:1773379244.288738 4051061 service.cc:153]   StreamExecutor device (0): Host, Default Version
I0000 00:00:1773379244.492632 4051061 device_compiler.h:188] Compiled cluster using XLA!  This line is logged at most once for the lifetime of the process.
Creating model: src.models.stochastic_volatility.StochasticVolatilityModel
Generating 500 time steps...
Creating filter: ParticleFilterTF
Running ParticleFilterTF...

============================================================
RESULTS: ParticleFilterTF
============================================================
RMSE: 1.1388
Log-likelihood: -544.85
Mean ESS: 566.9

Performance:
  Wall time: 4.385 seconds
  Time per step: 8.77 ms
  Peak memory: 5.3 MB
  Memory increase: 179.3 MB
============================================================

Results saved to /home/haowu/JPML-jit/code/outputs/stochastic_volatility/stochastic_volatility_pf_soft_alpha0.9
Plot saved to /home/haowu/JPML-jit/code/outputs/stochastic_volatility/stochastic_volatility_pf_soft_alpha0.9/plot.png
