<frozen runpy>:128: RuntimeWarning: 'src.experiments.run_experiment' found in sys.modules after import of package 'src.experiments', but prior to execution of 'src.experiments.run_experiment'; this may result in unpredictable behaviour
WARNING: All log messages before absl::InitializeLog() is called are written to STDERR
I0000 00:00:1773379248.318143 4050991 service.cc:145] XLA service 0x71034400c5d0 initialized for platform Host (this does not guarantee that XLA will be used). Devices:
I0000 00:00:1773379248.318208 4050991 service.cc:153]   StreamExecutor device (0): Host, Default Version
I0000 00:00:1773379248.353175 4050991 device_compiler.h:188] Compiled cluster using XLA!  This line is logged at most once for the lifetime of the process.
Creating model: src.models.stochastic_volatility.StochasticVolatilityModel
Generating 500 time steps...
Creating filter: ParticleFilterTF
Running ParticleFilterTF...

============================================================
RESULTS: ParticleFilterTF
============================================================
RMSE: 1.1443
Log-likelihood: -547.33
Mean ESS: 596.3

Performance:
  Wall time: 130.248 seconds
  Time per step: 260.50 ms
  Peak memory: 6.2 MB
  Memory increase: 931.9 MB
============================================================

Results saved to /home/haowu/JPML-jit/code/outputs/stochastic_volatility/stochastic_volatility_pf_ot_eps0.5
Plot saved to /home/haowu/JPML-jit/code/outputs/stochastic_volatility/stochastic_volatility_pf_ot_eps0.5/plot.png
