<frozen runpy>:128: RuntimeWarning: 'src.experiments.run_experiment' found in sys.modules after import of package 'src.experiments', but prior to execution of 'src.experiments.run_experiment'; this may result in unpredictable behaviour
WARNING: All log messages before absl::InitializeLog() is called are written to STDERR
I0000 00:00:1773379246.911636 4051159 service.cc:145] XLA service 0x78d25800ed60 initialized for platform Host (this does not guarantee that XLA will be used). Devices:
I0000 00:00:1773379246.911717 4051159 service.cc:153]   StreamExecutor device (0): Host, Default Version
I0000 00:00:1773379246.937668 4051159 device_compiler.h:188] Compiled cluster using XLA!  This line is logged at most once for the lifetime of the process.
Creating model: src.models.stochastic_volatility.StochasticVolatilityModel
Generating 500 time steps...
Creating filter: ParticleFilterTF
Running ParticleFilterTF...

============================================================
RESULTS: ParticleFilterTF
============================================================
RMSE: 1.1598
Log-likelihood: -544.85
Mean ESS: 604.8

Performance:
  Wall time: 101.518 seconds
  Time per step: 203.04 ms
  Peak memory: 6.2 MB
  Memory increase: 983.8 MB
============================================================

Results saved to /home/haowu/JPML-jit/code/outputs/stochastic_volatility/stochastic_volatility_pf_ot_eps1.0
Plot saved to /home/haowu/JPML-jit/code/outputs/stochastic_volatility/stochastic_volatility_pf_ot_eps1.0/plot.png
