<frozen runpy>:128: RuntimeWarning: 'src.experiments.run_experiment' found in sys.modules after import of package 'src.experiments', but prior to execution of 'src.experiments.run_experiment'; this may result in unpredictable behaviour
Creating model: src.models.cubic_sensor.CubicSensorModel
Generating 200 time steps...
WARNING: All log messages before absl::InitializeLog() is called are written to STDERR
I0000 00:00:1773135289.328738 3786884 gpu_device.cc:2020] Created device /job:localhost/replica:0/task:0/device:GPU:0 with 21009 MB memory:  -> device: 0, name: NVIDIA GeForce RTX 3090, pci bus id: 0000:01:00.0, compute capability: 8.6
Creating filter: ParticleFilterTF
Running ParticleFilterTF...

============================================================
RESULTS: ParticleFilterTF
============================================================
RMSE: 0.6134
Log-likelihood: -413.48
Mean ESS: 452.1

Performance:
  Wall time: 3.107 seconds
  Time per step: 15.53 ms
  Peak memory: 4.4 MB
  Memory increase: 107.9 MB
  Peak memory (GPU): 3.4 MB
============================================================

Results saved to /home/haowu/JPML/code/outputs/cubic_sensor/cubic_sensor_pf_sys
Plot saved to /home/haowu/JPML/code/outputs/cubic_sensor/cubic_sensor_pf_sys/plot.png
