<frozen runpy>:128: RuntimeWarning: 'src.experiments.run_experiment' found in sys.modules after import of package 'src.experiments', but prior to execution of 'src.experiments.run_experiment'; this may result in unpredictable behaviour
Creating model: src.models.kitagawa.KitagawaModel
Generating 100 time steps...
WARNING: All log messages before absl::InitializeLog() is called are written to STDERR
I0000 00:00:1773135387.650520 3791126 gpu_device.cc:2020] Created device /job:localhost/replica:0/task:0/device:GPU:0 with 20725 MB memory:  -> device: 0, name: NVIDIA GeForce RTX 3090, pci bus id: 0000:01:00.0, compute capability: 8.6
Creating filter: ParticleFilterTF
Running ParticleFilterTF...

============================================================
RESULTS: ParticleFilterTF
============================================================
RMSE: 11.7970
Log-likelihood: -471.81
Mean ESS: 120.9

Performance:
  Wall time: 2.903 seconds
  Time per step: 29.03 ms
  Peak memory: 4.3 MB
  Memory increase: 115.7 MB
  Peak memory (GPU): 2.0 MB
============================================================

Results saved to /home/haowu/JPML/code/outputs/kitagawa/kitagawa_pf
Plot saved to /home/haowu/JPML/code/outputs/kitagawa/kitagawa_pf/plot.png
